              0.000 DUDD??HL?
             20.000 UUDDLLLHL
             40.000 DUDDLLLHL
             60.000 UUDDLLLHL
             80.000 DUDDLLLHL
            100.000 UUDDLLLHL
            120.000 DUDDLLLHL
            140.000 UUDDLLLHL
            160.000 DUDDLLLHL
            180.000 UUDDLLLHL
            200.000 DUDDLLLHL
            220.000 UUDDLLLHL
            240.000 DUDDLLLHL
            250.000 DDDDLLLHL
            260.000 UDDDLLLHL
            280.000 DDDDLLLHL
            300.000 UDDDLLLHL
            320.000 DDDDLLLHL
            340.000 UDDDLLLHL
            360.000 DDDDLLLHL
            380.000 UDDDLLLHL
            400.000 DDDDLLLHL
            420.000 UDDDLLLHL
            440.000 DDDDLLLHL
            460.000 UDDDLLLHL
            480.000 DDDDLLLHL
            500.000 UDDDLLLHL
            505.000 UDDULLLHL
            520.000 DDDULLLHL
            540.000 UDDULLLHL
            560.000 DDDULLLHL
            580.000 UDDULLLHL
            600.000 DDDULLLHL
            620.000 UDDULLLHL
            640.000 DDDULLLHL
            660.000 UDDULLLHL
            680.000 DDDULLLHL
            700.000 UDDULLLHL
            720.000 DDDULLLHL
            740.000 UDDULLLHL
            760.000 DDDULLLHL
            780.000 UDDULLLHL
            800.000 DDDULLLHL
            820.000 UDDULLLHL
            840.000 DDDULLLHL
            860.000 UDDULLLHL
            880.000 DDDULLLHL
            900.000 UDDULLLHL
            920.000 DDDULLLHL
            940.000 UDDULLLHL
            960.000 DDDULLLHL
            980.000 UDDULLLHL
           1000.000 DDDULLLHL
           1010.000 DDDDLLLHL
           1020.000 UDDDLLLHL
           1040.000 DDDDLLLHL
           1060.000 UDDDLLLHL
           1080.000 DDDDLLLHL
           1100.000 UDDDLLLHL
           1120.000 DDDDLLLHL
           1140.000 UDDDLLLHL
           1160.000 DDDDLLLHL
           1180.000 UDDDLLLHL
           1200.000 DDDDLLLHL
           1220.000 UDDDLLLHL
           1240.000 DDDDLLLHL
           1260.000 UDDDLLLHL
           1280.000 DDDDLLLHL
           1300.000 UDDDLLLHL
           1320.000 DDDDLLLHL
           1340.000 UDDDLLLHL
           1360.000 DDDDLLLHL
           1380.000 UDDDLLLHL
           1400.000 DDDDLLLHL
           1420.000 UDDDLLLHL
           1440.000 DDDDLLLHL
           1460.000 UDDDLLLHL
           1480.000 DDDDLLLHL
           1500.000 UDDDLLLHL
           1515.000 UDDULLLHL
           1520.000 DDDULLLHL
           1540.000 UDDULLLHL
           1560.000 DDDULLLHL
           1580.000 UDDULLLHL
           1600.000 DDDULLLHL
           1620.000 UDDULLLHL
           1640.000 DDDULLLHL
           1660.000 UDDULLLHL
           1680.000 DDDULLLHL
           1700.000 UDDULLLHL
           1720.000 DDDULLLHL
           1740.000 UDDULLLHL
           1760.000 DDDULLLHL
           1780.000 UDDULLLHL
           1800.000 DDDULLLHL
           1820.000 UDDULLLHL
           1840.000 DDDULLLHL
           1860.000 UDDULLLHL
           1880.000 DDDULLLHL
           1900.000 UDDULLLHL
           1920.000 DDDULLLHL
           1940.000 UDDULLLHL
           1960.000 DDDULLLHL
           1980.000 UDDULLLHL
           2000.000 DDDULLLHL
           2020.000 UDDDLLLHL
           2040.000 DDDDLLLHL
           2060.000 UDDDLLLHL
           2080.000 DDDDLLLHL
           2100.000 UDDDLLLHL
           2120.000 DDDDLLLHL
           2140.000 UDDDLLLHL
           2160.000 DDDDLLLHL
           2180.000 UDDDLLLHL
           2200.000 DDDDLLLHL
           2220.000 UDDDLLLHL
           2240.000 DDDDLLLHL
           2260.000 UDDDLLLHL
           2280.000 DDDDLLLHL
           2300.000 UDDDLLLHL
           2320.000 DDDDLLLHL
           2340.000 UDDDLLLHL
           2360.000 DDDDLLLHL
           2380.000 UDDDLLLHL
           2400.000 DDDDLLLHL
           2420.000 UDDDLLLHL
           2440.000 DDDDLLLHL
           2460.000 UDDDLLLHL
           2480.000 DDDDLLLHL
           2500.000 UDDDLLLHL
           2520.000 DDDDLLLHL
           2525.000 DDDULLLHL
           2540.000 UDDULLLHL
           2560.000 DDDULLLHL
           2580.000 UDDULLLHL
           2600.000 DDDULLLHL
           2620.000 UDDULLLHL
           2640.000 DDDULLLHL
           2660.000 UDDULLLHL
           2680.000 DDDULLLHL
           2700.000 UDDULLLHL
           2720.000 DDDULLLHL
           2740.000 UDDULLLHL
           2760.000 DDDULLLHL
           2780.000 UDDULLLHL
           2800.000 DDDULLLHL
           2820.000 UDDULLLHL
           2840.000 DDDULLLHL
           2860.000 UDDULLLHL
           2880.000 DDDULLLHL
           2900.000 UDDULLLHL
           2920.000 DDDULLLHL
           2940.000 UDDULLLHL
           2960.000 DDDULLLHL
           2980.000 UDDULLLHL
           3000.000 DDDULLLHL
           3020.000 UDDULLLHL
           3030.000 UDDDLLLHL
           3040.000 DDDDLLLHL
           3060.000 UDDDLLLHL
           3080.000 DDDDLLLHL
           3100.000 UDDDLLLHL
           3120.000 DDDDLLLHL
           3140.000 UDDDLLLHL
           3160.000 DDDDLLLHL
           3180.000 UDDDLLLHL
           3200.000 DDDDLLLHL
           3220.000 UDDDLLLHL
           3240.000 DDDDLLLHL
           3260.000 UDDDLLLHL
           3280.000 DDDDLLLHL
           3300.000 UDDDLLLHL
           3320.000 DDDDLLLHL
           3340.000 UDDDLLLHL
           3360.000 DDDDLLLHL
           3380.000 UDDDLLLHL
           3400.000 DDDDLLLHL
           3420.000 UDDDLLLHL
           3440.000 DDDDLLLHL
           3460.000 UDDDLLLHL
           3480.000 DDDDLLLHL
           3500.000 UDDDLLLHL
           3520.000 DDDDLLLHL
           3535.000 DDDULLLHL
           3540.000 UDDULLLHL
           3560.000 DDDULLLHL
           3580.000 UDDULLLHL
           3600.000 DDDULLLHL
           3620.000 UDDULLLHL
           3640.000 DDDULLLHL
           3660.000 UDDULLLHL
           3680.000 DDDULLLHL
           3700.000 UDDULLLHL
           3720.000 DDDULLLHL
           3740.000 UDDULLLHL
           3760.000 DDDULLLHL
           3780.000 UDDULLLHL
           3800.000 DDDULLLHL
           3820.000 UDDULLLHL
           3840.000 DDDULLLHL
           3860.000 UDDULLLHL
           3880.000 DDDULLLHL
           3900.000 UDDULLLHL
           3920.000 DDDULLLHL
           3940.000 UDDULLLHL
           3960.000 DDDULLLHL
           3980.000 UDDULLLHL
           4000.000 DDDULLLHL
           4020.000 UDDULLLHL
           4040.000 DDDDLLLHL
           4060.000 UDDDLLLHL
           4080.000 DDDDLLLHL
           4100.000 UDDDLLLHL
           4120.000 DDDDLLLHL
           4140.000 UDDDLLLHL
           4160.000 DDDDLLLHL
           4180.000 UDDDLLLHL
           4200.000 DDDDLLLHL
           4220.000 UDDDLLLHL
           4240.000 DDDDLLLHL
           4260.000 UDDDLLLHL
           4280.000 DDDDLLLHL
           4300.000 UDDDLLLHL
           4320.000 DDDDLLLHL
           4340.000 UDDDLLLHL
           4360.000 DDDDLLLHL
           4380.000 UDDDLLLHL
           4400.000 DDDDLLLHL
           4420.000 UDDDLLLHL
           4440.000 DDDDLLLHL
           4460.000 UDDDLLLHL
           4480.000 DDDDLLLHL
           4500.000 UDDDLLLHL
           4520.000 DDDDLLLHL
           4540.000 UDDDLLLHL
           4545.000 UDDULLLHL
           4560.000 DDDULLLHL
           4580.000 UDDULLLHL
           4600.000 DDDULLLHL
           4620.000 UDDULLLHL
           4640.000 DDDULLLHL
           4660.000 UDDULLLHL
           4680.000 DDDULLLHL
           4700.000 UDDULLLHL
           4720.000 DDDULLLHL
           4740.000 UDDULLLHL
           4760.000 DDDULLLHL
           4780.000 UDDULLLHL
           4800.000 DDDULLLHL
           4820.000 UDDULLLHL
           4840.000 DDDULLLHL
           4860.000 UDDULLLHL
           4880.000 DDDULLLHL
           4900.000 UDDULLLHL
           4920.000 DDDULLLHL
           4940.000 UDDULLLHL
           4960.000 DDDULLLHL
           4980.000 UDDULLLHL
           5000.000 DDDULLLHL
           5020.000 UDDULLLHL
           5040.000 DDDULLLHL
           5050.000 DDDDLLLHL
           5060.000 UDDDLLLHL
           5080.000 DDDDLLLHL
           5100.000 UDDDLLLHL
           5120.000 DDDDLLLHL
           5140.000 UDDDLLLHL
           5160.000 DDDDLLLHL
           5180.000 UDDDLLLHL
           5200.000 DDDDLLLHL
           5220.000 UDDDLLLHL
           5240.000 DDDDLLLHL
           5260.000 UDDDLLLHL
           5280.000 DDDDLLLHL
           5300.000 UDDDLLLHL
           5320.000 DDDDLLLHL
           5340.000 UDDDLLLHL
           5360.000 DDDDLLLHL
           5380.000 UDDDLLLHL
           5400.000 DDDDLLLHL
           5420.000 UDDDLLLHL
           5440.000 DDDDLLLHL
           5460.000 UDDDLLLHL
           5480.000 DDDDLLLHL
           5500.000 UDDDLLLHL
           5520.000 DDDDLLLHL
           5540.000 UDDDLLLHL
           5555.000 UDDULLLHL
           5560.000 DDDULLLHL
           5580.000 UDDULLLHL
           5600.000 DDDULLLHL
           5620.000 UDDULLLHL
           5640.000 DDDULLLHL
           5660.000 UDDULLLHL
           5680.000 DDDULLLHL
           5700.000 UDDULLLHL
           5720.000 DDDULLLHL
           5740.000 UDDULLLHL
           5760.000 DDDULLLHL
           5780.000 UDDULLLHL
           5800.000 DDDULLLHL
           5820.000 UDDULLLHL
           5840.000 DDDULLLHL
           5860.000 UDDULLLHL
           5880.000 DDDULLLHL
           5900.000 UDDULLLHL
           5920.000 DDDULLLHL
           5940.000 UDDULLLHL
           5960.000 DDDULLLHL
           5980.000 UDDULLLHL
           6000.000 DDDULLLHL
           6020.000 UDDULLLHL
           6040.000 DDDULLLHL
           6060.000 UDDDLLLHL
           6080.000 DDDDLLLHL
           6100.000 UDDDLLLHL
           6120.000 DDDDLLLHL
           6140.000 UDDDLLLHL
           6160.000 DDDDLLLHL
           6180.000 UDDDLLLHL
           6200.000 DDDDLLLHL
           6220.000 UDDDLLLHL
           6240.000 DDDDLLLHL
           6260.000 UDDDLLLHL
           6280.000 DDDDLLLHL
           6300.000 UDDDLLLHL
           6320.000 DDDDLLLHL
           6340.000 UDDDLLLHL
           6360.000 DDDDLLLHL
           6380.000 UDDDLLLHL
           6400.000 DDDDLLLHL
           6420.000 UDDDLLLHL
           6440.000 DDDDLLLHL
           6460.000 UDDDLLLHL
           6480.000 DDDDLLLHL
           6500.000 UDDDLLLHL
           6520.000 DDDDLLLHL
           6540.000 UDDDLLLHL
           6560.000 DDDDLLLHL
           6565.000 DDDULLLHL
           6580.000 UDDULLLHL
           6600.000 DDDULLLHL
           6620.000 UDDULLLHL
           6640.000 DDDULLLHL
           6660.000 UDDULLLHL
           6680.000 DDDULLLHL
           6700.000 UDDULLLHL
           6720.000 DDDULLLHL
           6740.000 UDDULLLHL
           6760.000 DDDULLLHL
           6780.000 UDDULLLHL
           6800.000 DDDULLLHL
           6820.000 UDDULLLHL
           6840.000 DDDULLLHL
           6860.000 UDDULLLHL
           6880.000 DDDULLLHL
           6900.000 UDDULLLHL
           6920.000 DDDULLLHL
           6940.000 UDDULLLHL
           6960.000 DDDULLLHL
           6980.000 UDDULLLHL
           7000.000 DDDULLLHL
           7020.000 UDDULLLHL
           7040.000 DDDULLLHL
           7060.000 UDDULLLHL
           7070.000 UDDDLLLHL
           7080.000 DDDDLLLHL
           7100.000 UDDDLLLHL
           7120.000 DDDDLLLHL
           7140.000 UDDDLLLHL
           7160.000 DDDDLLLHL
           7180.000 UDDDLLLHL
           7200.000 DDDDLLLHL
           7220.000 UDDDLLLHL
           7240.000 DDDDLLLHL
           7260.000 UDDDLLLHL
           7280.000 DDDDLLLHL
           7300.000 UDDDLLLHL
           7320.000 DDDDLLLHL
           7340.000 UDDDLLLHL
           7360.000 DDDDLLLHL
           7380.000 UDDDLLLHL
           7400.000 DDDDLLLHL
           7420.000 UDDDLLLHL
           7440.000 DDDDLLLHL
           7460.000 UDDDLLLHL
           7480.000 DDDDLLLHL
           7500.000 UDDDLLLHL
           7520.000 DDDDLLLHL
           7540.000 UDDDLLLHL
           7560.000 DDDDLLLHL
           7575.000 DDDULLLHL
           7580.000 UDDULLLHL
           7600.000 DDDULLLHL
           7620.000 UDDULLLHL
           7640.000 DDDULLLHL
           7660.000 UDDULLLHL
           7680.000 DDDULLLHL
           7700.000 UDDULLLHL
           7720.000 DDDULLLHL
           7740.000 UDDULLLHL
           7760.000 DDDULLLHL
           7780.000 UDDULLLHL
           7800.000 DDDULLLHL
           7820.000 UDDULLLHL
           7840.000 DDDULLLHL
           7860.000 UDDULLLHL
           7880.000 DDDULLLHL
           7900.000 UDDULLLHL
           7920.000 DDDULLLHL
           7940.000 UDDULLLHL
           7960.000 DDDULLLHL
           7980.000 UDDULLLHL
           8000.000 DDDULLLHL
           8020.000 UDDULLLHL
           8040.000 DDDULLLHL
           8060.000 UDDULLLHL
           8080.000 DDDDLLLHL
           8100.000 UDDDLLLHL
           8120.000 DDDDLLLHL
           8140.000 UDDDLLLHL
           8160.000 DDDDLLLHL
           8180.000 UDDDLLLHL
           8200.000 DDDDLLLHL
           8220.000 UDDDLLLHL
           8240.000 DDDDLLLHL
           8260.000 UDDDLLLHL
           8280.000 DDDDLLLHL
           8300.000 UDDDLLLHL
           8320.000 DDDDLLLHL
           8340.000 UDDDLLLHL
           8360.000 DDDDLLLHL
           8380.000 UDDDLLLHL
           8400.000 DDDDLLLHL
           8420.000 UDDDLLLHL
           8440.000 DDDDLLLHL
           8460.000 UDDDLLLHL
           8480.000 DDDDLLLHL
           8500.000 UDDDLLLHL
           8520.000 DDDDLLLHL
           8540.000 UDDDLLLHL
           8560.000 DDDDLLLHL
           8580.000 UDDDLLLHL
           8585.000 UDDULLLHL
           8600.000 DDDULLLHL
           8620.000 UDDULLLHL
           8640.000 DDDULLLHL
           8660.000 UDDULLLHL
           8680.000 DDDULLLHL
           8700.000 UDDULLLHL
           8720.000 DDDULLLHL
           8740.000 UDDULLLHL
           8760.000 DDDULLLHL
           8780.000 UDDULLLHL
           8800.000 DDDULLLHL
           8820.000 UDDULLLHL
           8840.000 DDDULLLHL
           8860.000 UDDULLLHL
           8880.000 DDDULLLHL
           8900.000 UDDULLLHL
           8920.000 DDDULLLHL
           8940.000 UDDULLLHL
           8960.000 DDDULLLHL
           8980.000 UDDULLLHL
           9000.000 DDDULLLHL
           9020.000 UDDULLLHL
           9040.000 DDDULLLHL
           9060.000 UDDULLLHL
           9080.000 DDDULLLHL
           9090.000 DDDDLLLHL
           9100.000 UDDDLLLHL
           9120.000 DDDDLLLHL
           9140.000 UDDDLLLHL
           9160.000 DDDDLLLHL
           9180.000 UDDDLLLHL
           9200.000 DDDDLLLHL
           9220.000 UDDDLLLHL
           9240.000 DDDDLLLHL
           9260.000 UDDDLLLHL
           9280.000 DDDDLLLHL
           9300.000 UDDDLLLHL
           9320.000 DDDDLLLHL
           9340.000 UDDDLLLHL
           9360.000 DDDDLLLHL
           9380.000 UDDDLLLHL
           9400.000 DDDDLLLHL
           9420.000 UDDDLLLHL
           9440.000 DDDDLLLHL
           9460.000 UDDDLLLHL
           9480.000 DDDDLLLHL
           9500.000 UDDDLLLHL
           9520.000 DDDDLLLHL
           9540.000 UDDDLLLHL
           9560.000 DDDDLLLHL
           9580.000 UDDDLLLHL
           9595.000 UDDULLLHL
           9600.000 DDDULLLHL
           9620.000 UDDULLLHL
           9640.000 DDDULLLHL
           9660.000 UDDULLLHL
           9680.000 DDDULLLHL
           9700.000 UDDULLLHL
           9720.000 DDDULLLHL
           9740.000 UDDULLLHL
           9760.000 DDDULLLHL
           9780.000 UDDULLLHL
           9800.000 DDDULLLHL
           9820.000 UDDULLLHL
           9840.000 DDDULLLHL
           9860.000 UDDULLLHL
           9880.000 DDDULLLHL
           9900.000 UDDULLLHL
           9920.000 DDDULLLHL
           9940.000 UDDULLLHL
           9960.000 DDDULLLHL
           9980.000 UDDULLLHL
          10000.000 DDDULLLHL
          10020.000 UDDULLLHL
          10040.000 DDDULLLHL
          10060.000 UDDULLLHL
          10080.000 DDDULLLHL
          10100.000 UDDDLLLHL
          10120.000 DDDDLLLHL
          10140.000 UDDDLLLHL
          10160.000 DDDDLLLHL
          10180.000 UDDDLLLHL
          10200.000 DDDDLLLHL
          10220.000 UDDDLLLHL
          10240.000 DDDDLLLHL
          10260.000 UDDDLLLHL
          10280.000 DDDDLLLHL
          10300.000 UDDDLLLHL
          10320.000 DDDDLLLHL
          10340.000 UDDDLLLHL
          10360.000 DDDDLLLHL
          10380.000 UDDDLLLHL
          10400.000 DDDDLLLHL
          10420.000 UDDDLLLHL
          10440.000 DDDDLLLHL
          10460.000 UDDDLLLHL
          10480.000 DDDDLLLHL
          10500.000 UDDDLLLHL
          10520.000 DDDDLLLHL
          10540.000 UDDDLLLHL
          10560.000 DDDDLLLHL
          10580.000 UDDDLLLHL
          10600.000 DDDDLLLHL
          10605.000 DDDULLLHL
          10620.000 UDDULLLHL
          10640.000 DDDULLLHL
          10660.000 UDDULLLHL
          10680.000 DDDULLLHL
          10700.000 UDDULLLHL
          10720.000 DDDULLLHL
          10740.000 UDDULLLHL
          10760.000 DDDULLLHL
          10780.000 UDDULLLHL
          10800.000 DDDULLLHL
          10820.000 UDDULLLHL
          10840.000 DDDULLLHL
          10860.000 UDDULLLHL
          10880.000 DDDULLLHL
          10900.000 UDDULLLHL
          10920.000 DDDULLLHL
          10940.000 UDDULLLHL
          10960.000 DDDULLLHL
          10980.000 UDDULLLHL
          11000.000 DDDULLLHL
          11020.000 UDDULLLHL
          11040.000 DDDULLLHL
          11060.000 UDDULLLHL
          11080.000 DDDULLLHL
          11100.000 UDDULLLHL
          11110.000 UDDDLLLHL
          11120.000 DDDDLLLHL
          11140.000 UDDDLLLHL
          11160.000 DDDDLLLHL
          11180.000 UDDDLLLHL
          11200.000 DDDDLLLHL
          11220.000 UDDDLLLHL
          11240.000 DDDDLLLHL
          11260.000 UDDDLLLHL
          11280.000 DDDDLLLHL
          11300.000 UDDDLLLHL
          11320.000 DDDDLLLHL
          11340.000 UDDDLLLHL
          11360.000 DDDDLLLHL
          11380.000 UDDDLLLHL
          11400.000 DDDDLLLHL
          11420.000 UDDDLLLHL
          11440.000 DDDDLLLHL
          11460.000 UDDDLLLHL
          11480.000 DDDDLLLHL
          11500.000 UDDDLLLHL
          11520.000 DDDDLLLHL
          11540.000 UDDDLLLHL
          11560.000 DDDDLLLHL
          11580.000 UDDDLLLHL
          11600.000 DDDDLLLHL
          11615.000 DDDULLLHL
          11620.000 UDDULLLHL
          11640.000 DDDULLLHL
          11660.000 UDDULLLHL
          11680.000 DDDULLLHL
          11700.000 UDDULLLHL
          11720.000 DDDULLLHL
          11740.000 UDDULLLHL
          11760.000 DDDULLLHL
          11780.000 UDDULLLHL
          11800.000 DDDULLLHL
          11820.000 UDDULLLHL
          11840.000 DDDULLLHL
          11860.000 UDDULLLHL
          11880.000 DDDULLLHL
          11900.000 UDDULLLHL
          11920.000 DDDULLLHL
          11940.000 UDDULLLHL
          11960.000 DDDULLLHL
          11980.000 UDDULLLHL
          12000.000 DDDULLLHL
          12020.000 UDDULLLHL
          12040.000 DDDULLLHL
          12060.000 UDDULLLHL
          12080.000 DDDULLLHL
          12100.000 UDDULLLHL
          12120.000 DDDDLLLHL
          12140.000 UDDDLLLHL
          12160.000 DDDDLLLHL
          12180.000 UDDDLLLHL
          12200.000 DDDDLLLHL
          12220.000 UDDDLLLHL
          12240.000 DDDDLLLHL
          12260.000 UDDDLLLHL
          12280.000 DDDDLLLHL
          12300.000 UDDDLLLHL
          12320.000 DDDDLLLHL
          12340.000 UDDDLLLHL
          12360.000 DDDDLLLHL
          12380.000 UDDDLLLHL
          12400.000 DDDDLLLHL
          12420.000 UDDDLLLHL
          12440.000 DDDDLLLHL
          12460.000 UDDDLLLHL
          12480.000 DDDDLLLHL
          12500.000 UDDDLLLHL
          12520.000 DDDDLLLHL
          12540.000 UDDDLLLHL
          12560.000 DDDDLLLHL
          12580.000 UDDDLLLHL
          12600.000 DDDDLLLHL
          12620.000 UDDDLLLHL
          12625.000 UDDULLLHL
          12640.000 DDDULLLHL
          12660.000 UDDULLLHL
          12680.000 DDDULLLHL
          12700.000 UDDULLLHL
          12720.000 DDDULLLHL
          12740.000 UDDULLLHL
          12760.000 DDDULLLHL
          12780.000 UDDULLLHL
          12800.000 DDDULLLHL
          12820.000 UDDULLLHL
          12840.000 DDDULLLHL
          12860.000 UDDULLLHL
          12880.000 DDDULLLHL
          12900.000 UDDULLLHL
          12920.000 DDDULLLHL
          12940.000 UDDULLLHL
          12960.000 DDDULLLHL
          12980.000 UDDULLLHL
          13000.000 DDDULLLHL
          13020.000 UDDULLLHL
          13040.000 DDDULLLHL
          13060.000 UDDULLLHL
          13080.000 DDDULLLHL
          13100.000 UDDULLLHL
          13120.000 DDDULLLHL
          13130.000 DDDDLLLHL
          13140.000 UDDDLLLHL
          13160.000 DDDDLLLHL
          13180.000 UDDDLLLHL
          13200.000 DDDDLLLHL
          13220.000 UDDDLLLHL
          13240.000 DDDDLLLHL
          13260.000 UDDDLLLHL
          13280.000 DDDDLLLHL
          13300.000 UDDDLLLHL
          13320.000 DDDDLLLHL
          13340.000 UDDDLLLHL
          13360.000 DDDDLLLHL
          13380.000 UDDDLLLHL
          13400.000 DDDDLLLHL
          13420.000 UDDDLLLHL
          13440.000 DDDDLLLHL
          13460.000 UDDDLLLHL
          13480.000 DDDDLLLHL
          13500.000 UDDDLLLHL
          13520.000 DDDDLLLHL
          13540.000 UDDDLLLHL
          13560.000 DDDDLLLHL
          13580.000 UDDDLLLHL
          13600.000 DDDDLLLHL
          13620.000 UDDDLLLHL
          13635.000 UDDULLLHL
          13640.000 DDDULLLHL
          13660.000 UDDULLLHL
          13680.000 DDDULLLHL
          13700.000 UDDULLLHL
          13720.000 DDDULLLHL
          13740.000 UDDULLLHL
          13760.000 DDDULLLHL
          13780.000 UDDULLLHL
          13800.000 DDDULLLHL
          13820.000 UDDULLLHL
          13840.000 DDDULLLHL
          13860.000 UDDULLLHL
          13880.000 DDDULLLHL
          13900.000 UDDULLLHL
          13920.000 DDDULLLHL
          13940.000 UDDULLLHL
          13960.000 DDDULLLHL
          13980.000 UDDULLLHL
          14000.000 DDDULLLHL
          14020.000 UDDULLLHL
          14040.000 DDDULLLHL
          14060.000 UDDULLLHL
          14080.000 DDDULLLHL
          14100.000 UDDULLLHL
          14120.000 DDDULLLHL
          14140.000 UDDDLLLHL
          14160.000 DDDDLLLHL
          14180.000 UDDDLLLHL
          14200.000 DDDDLLLHL
          14220.000 UDDDLLLHL
          14240.000 DDDDLLLHL
          14260.000 UDDDLLLHL
          14280.000 DDDDLLLHL
          14300.000 UDDDLLLHL
          14320.000 DDDDLLLHL
          14340.000 UDDDLLLHL
          14360.000 DDDDLLLHL
          14380.000 UDDDLLLHL
          14400.000 DDDDLLLHL
          14420.000 UDDDLLLHL
          14440.000 DDDDLLLHL
          14460.000 UDDDLLLHL
          14480.000 DDDDLLLHL
          14500.000 UDDDLLLHL
          14520.000 DDDDLLLHL
          14540.000 UDDDLLLHL
          14560.000 DDDDLLLHL
          14580.000 UDDDLLLHL
          14600.000 DDDDLLLHL
          14620.000 UDDDLLLHL
          14640.000 DDDDLLLHL
          14645.000 DDDULLLHL
          14660.000 UDDULLLHL
          14680.000 DDDULLLHL
          14700.000 UDDULLLHL
          14720.000 DDDULLLHL
          14740.000 UDDULLLHL
          14760.000 DDDULLLHL
          14780.000 UDDULLLHL
          14800.000 DDDULLLHL
          14820.000 UDDULLLHL
          14840.000 DDDULLLHL
          14860.000 UDDULLLHL
          14880.000 DDDULLLHL
          14900.000 UDDULLLHL
          14920.000 DDDULLLHL
          14940.000 UDDULLLHL
          14960.000 DDDULLLHL
          14980.000 UDDULLLHL
          15000.000 DDDULLLHL
          15020.000 UDDULLLHL
          15040.000 DDDULLLHL
          15060.000 UDDULLLHL
          15080.000 DDDULLLHL
          15100.000 UDDULLLHL
          15120.000 DDDULLLHL
          15140.000 UDDULLLHL
          15150.000 UDDDLLLHL
          15160.000 DDDDLLLHL
          15180.000 UDDDLLLHL
          15200.000 DDDDLLLHL
          15220.000 UDDDLLLHL
          15240.000 DDDDLLLHL
          15260.000 UDDDLLLHL
          15280.000 DDDDLLLHL
          15300.000 UDDDLLLHL
          15320.000 DDDDLLLHL
          15340.000 UDDDLLLHL
          15360.000 DDDDLLLHL
          15380.000 UDDDLLLHL
          15400.000 DDUDLLLHL
          15420.000 UDUDLLLHL
          15440.000 DDUDLLLHL
          15460.000 UDUDLLLHL
          15480.000 DDUDLLLHL
          15500.000 UDUDLLLHL
          15520.000 DDUDLLLHL
          15540.000 UDUDLLLHL
          15560.000 DDUDLLLHL
          15580.000 UDUDLLLHL
          15600.000 DDDDLLLHL
          15620.000 UDDDLLLHL
          15640.000 DDDDLLLHL
          15655.000 DDDULLLHL
          15660.000 UDDULLLHL
          15680.000 DDDULLLHL
          15700.000 UDDULLLHL
          15720.000 DDDULLLHL
          15740.000 UDDULLLHL
          15760.000 DDDULLLHL
          15780.000 UDDULLLHL
          15800.000 DDDULLLHL
          15820.000 UDDULLLHL
          15840.000 DDDULLLHL
          15860.000 UDDULLLHL
          15880.000 DDDULLLHL
          15900.000 UDDULLLHL
          15920.000 DDDULLLHL
          15940.000 UDDULLLHL
          15960.000 DDDULLLHL
          15980.000 UDDULLLHL
          16000.000 DDDULLLHL
          16020.000 UDDULLLHL
          16040.000 DDDULLLHL
          16060.000 UDDULLLHL
          16080.000 DDDULLLHL
          16100.000 UDDULLLHL
          16120.000 DDDULLLHL
          16140.000 UDDULLLHL
          16160.000 DDDDLLLHL
          16180.000 UDDDLLLHL
          16200.000 DDDDLLLHL
          16220.000 UDDDLLLHL
          16240.000 DDDDLLLHL
          16260.000 UDDDLLLHL
          16280.000 DDDDLLLHL
          16300.000 UDDDLLLHL
          16320.000 DDDDLLLHL
          16340.000 UDDDLLLHL
          16360.000 DDDDLLLHL
          16380.000 UDDDLLLHL
          16400.000 DDDDLLLHL
          16420.000 UDDDLLLHL
          16440.000 DDDDLLLHL
          16460.000 UDDDLLLHL
          16480.000 DDDDLLLHL
          16500.000 UDDDLLLHL
          16520.000 DDDDLLLHL
          16540.000 UDDDLLLHL
          16560.000 DDDDLLLHL
          16580.000 UDDDLLLHL
          16600.000 DDDDLLLHL
          16620.000 UDDDLLLHL
          16640.000 DDDDLLLHL
          16660.000 UDDDLLLHL
          16665.000 UDDULLLHL
          16680.000 DDDULLLHL
          16700.000 UDDULLLHL
          16720.000 DDDULLLHL
          16740.000 UDDULLLHL
          16760.000 DDDULLLHL
          16780.000 UDDULLLHL
          16800.000 DDDULLLHL
          16820.000 UDDULLLHL
          16840.000 DDDULLLHL
          16860.000 UDDULLLHL
          16880.000 DDDULLLHL
          16900.000 UDDULLLHL
          16920.000 DDDULLLHL
          16940.000 UDDULLLHL
          16960.000 DDDULLLHL
          16980.000 UDDULLLHL
          17000.000 DDDULLLHL
          17020.000 UDDULLLHL
          17040.000 DDDULLLHL
          17060.000 UDDULLLHL
          17080.000 DDDULLLHL
          17100.000 UDDULLLHL
          17120.000 DDDULLLHL
          17140.000 UDDULLLHL
          17160.000 DDDULLLHL
          17170.000 DDDDLLLHL
          17180.000 UDDDLLLHL
          17200.000 DDDDLLLHL
          17220.000 UDDDLLLHL
          17240.000 DDDDLLLHL
          17260.000 UDDDLLLHL
          17280.000 DDDDLLLHL
          17300.000 UDDDLLLHL
          17320.000 DDDDLLLHL
          17340.000 UDDDLLLHL
          17360.000 DDDDLLLHL
          17380.000 UDDDLLLHL
          17400.000 DDDDLLLHL
          17420.000 UDDDLLLHL
          17440.000 DDDDLLLHL
          17460.000 UDDDLLLHL
          17480.000 DDDDLLLHL
          17500.000 UDDDLLLHL
          17520.000 DDDDLLLHL
          17540.000 UDDDLLLHL
          17560.000 DDDDLLLHL
          17580.000 UDDDLLLHL
          17600.000 DDDDLLLHL
          17620.000 UDDDLLLHL
          17640.000 DDDDLLLHL
          17660.000 UDDDLLLHL
          17675.000 UDDULLLHL
          17680.000 DDDULLLHL
          17700.000 UDDULLLHL
          17720.000 DDDULLLHL
          17740.000 UDDULLLHL
          17760.000 DDDULLLHL
          17780.000 UDDULLLHL
          17800.000 DDDULLLHL
          17820.000 UDDULLLHL
          17840.000 DDDULLLHL
          17860.000 UDDULLLHL
          17880.000 DDDULLLHL
          17900.000 UDDULLLHL
          17920.000 DDDULLLHL
          17940.000 UDDULLLHL
          17960.000 DDDULLLHL
          17980.000 UDDULLLHL
          18000.000 DDDULLLHL
