              0.000 DUDD??HL?DUDD??HL?
             20.000 UUDDLLLHLUUDDLLLHL
             40.000 DUDDLLLHLDUDDLLLHL
             60.000 UUDDLLLHLUUDDLLLHL
             80.000 DUDDLLLHLDUDDLLLHL
            100.000 UUDDLLLHLUUDDLLLHL
            120.000 DUDDLLLHLDUDDLLLHL
            140.000 UUDDLLLHLUUDDLLLHL
            160.000 DUDDLLLHLDUDDLLLHL
            180.000 UUDDLLLHLUUDDLLLHL
            200.000 DUDDLLLHLDUDDLLLHL
            220.000 UUDDLLLHLUUDDLLLHL
            240.000 DUDDLLLHLDUDDLLLHL
            250.000 DDDDLLLHLDDDDLLLHL
            260.000 UDDDLLLHLUDDDLLLHL
            280.000 DDDDLLLHLDDDDLLLHL
            300.000 UDDDLLLHLUDDDLLLHL
            320.000 DDDDLLLHLDDDDLLLHL
            340.000 UDDDLLLHLUDDDLLLHL
            360.000 DDDDLLLHLDDDDLLLHL
            380.000 UDDDLLLHLUDDDLLLHL
            400.000 DDDDLLLHLDDDDLLLHL
            420.000 UDDDLLLHLUDDDLLLHL
            440.000 DDDDLLLHLDDDDLLLHL
            460.000 UDDDLLLHLUDDDLLLHL
            480.000 DDDDLLLHLDDDDLLLHL
            500.000 UDDDLLLHLUDDDLLLHL
            505.000 UDDULLLHLUDDULLLHL
            520.000 DDDULLLHLDDDULLLHL
            540.000 UDDULLLHLUDDULLLHL
            560.000 DDDULLLHLDDDULLLHL
            580.000 UDDULLLHLUDDULLLHL
            600.000 DDDULLLHLDDDULLLHL
            620.000 UDDULLLHLUDDULLLHL
            640.000 DDDULLLHLDDDULLLHL
            660.000 UDDULLLHLUDDULLLHL
            680.000 DDDULLLHLDDDULLLHL
            700.000 UDDULLLHLUDDULLLHL
            720.000 DDDULLLHLDDDULLLHL
            740.000 UDDULLLHLUDDULLLHL
            760.000 DDDULLLHLDDDULLLHL
            780.000 UDDULLLHLUDDULLLHL
            800.000 DDDULLLHLDDDULLLHL
            820.000 UDDULLLHLUDDULLLHL
            840.000 DDDULLLHLDDDULLLHL
            860.000 UDDULLLHLUDDULLLHL
            880.000 DDDULLLHLDDDULLLHL
            900.000 UDDULLLHLUDDULLLHL
            920.000 DDDULLLHLDDDULLLHL
            940.000 UDDULLLHLUDDULLLHL
            960.000 DDDULLLHLDDDULLLHL
            980.000 UDDULLLHLUDDULLLHL
           1000.000 DDDULLLHLDDDULLLHL
           1010.000 DDDDLLLHLDDDDLLLHL
           1020.000 UDDDLLLHLUDDDLLLHL
           1040.000 DDDDLLLHLDDDDLLLHL
           1060.000 UDDDLLLHLUDDDLLLHL
           1080.000 DDDDLLLHLDDDDLLLHL
           1100.000 UDDDLLLHLUDDDLLLHL
           1120.000 DDDDLLLHLDDDDLLLHL
           1140.000 UDDDLLLHLUDDDLLLHL
           1160.000 DDDDLLLHLDDDDLLLHL
           1180.000 UDDDLLLHLUDDDLLLHL
           1200.000 DDDDLLLHLDDDDLLLHL
           1220.000 UDDDLLLHLUDDDLLLHL
           1240.000 DDDDLLLHLDDDDLLLHL
           1260.000 UDDDLLLHLUDDDLLLHL
           1280.000 DDDDLLLHLDDDDLLLHL
           1300.000 UDDDLLLHLUDDDLLLHL
           1320.000 DDDDLLLHLDDDDLLLHL
           1340.000 UDDDLLLHLUDDDLLLHL
           1360.000 DDDDLLLHLDDDDLLLHL
           1380.000 UDDDLLLHLUDDDLLLHL
           1400.000 DDDDLLLHLDDDDLLLHL
           1420.000 UDDDLLLHLUDDDLLLHL
           1440.000 DDDDLLLHLDDDDLLLHL
           1460.000 UDDDLLLHLUDDDLLLHL
           1480.000 DDDDLLLHLDDDDLLLHL
           1500.000 UDDDLLLHLUDDDLLLHL
           1515.000 UDDULLLHLUDDULLLHL
           1520.000 DDDULLLHLDDDULLLHL
           1540.000 UDDULLLHLUDDULLLHL
           1560.000 DDDULLLHLDDDULLLHL
           1580.000 UDDULLLHLUDDULLLHL
           1600.000 DDDULLLHLDDDULLLHL
           1620.000 UDDULLLHLUDDULLLHL
           1640.000 DDDULLLHLDDDULLLHL
           1660.000 UDDULLLHLUDDULLLHL
           1680.000 DDDULLLHLDDDULLLHL
           1700.000 UDDULLLHLUDDULLLHL
           1720.000 DDDULLLHLDDDULLLHL
           1740.000 UDDULLLHLUDDULLLHL
           1760.000 DDDULLLHLDDDULLLHL
           1780.000 UDDULLLHLUDDULLLHL
           1800.000 DDDULLLHLDDDULLLHL
           1820.000 UDDULLLHLUDDULLLHL
           1840.000 DDDULLLHLDDDULLLHL
           1860.000 UDDULLLHLUDDULLLHL
           1880.000 DDDULLLHLDDDULLLHL
           1900.000 UDDULLLHLUDDULLLHL
           1920.000 DDDULLLHLDDDULLLHL
           1940.000 UDDULLLHLUDDULLLHL
           1960.000 DDDULLLHLDDDULLLHL
           1980.000 UDDULLLHLUDDULLLHL
           2000.000 DDDULLLHLDDDULLLHL
           2020.000 UDDDLLLHLUDDDLLLHL
           2040.000 DDDDLLLHLDDDDLLLHL
           2060.000 UDDDLLLHLUDDDLLLHL
           2080.000 DDDDLLLHLDDDDLLLHL
           2100.000 UDDDLLLHLUDDDLLLHL
           2120.000 DDDDLLLHLDDDDLLLHL
           2140.000 UDDDLLLHLUDDDLLLHL
           2160.000 DDDDLLLHLDDDDLLLHL
           2180.000 UDDDLLLHLUDDDLLLHL
           2200.000 DDDDLLLHLDDDDLLLHL
           2220.000 UDDDLLLHLUDDDLLLHL
           2240.000 DDDDLLLHLDDDDLLLHL
           2260.000 UDDDLLLHLUDDDLLLHL
           2280.000 DDDDLLLHLDDDDLLLHL
           2300.000 UDDDLLLHLUDDDLLLHL
           2320.000 DDDDLLLHLDDDDLLLHL
           2340.000 UDDDLLLHLUDDDLLLHL
           2360.000 DDDDLLLHLDDDDLLLHL
           2380.000 UDDDLLLHLUDDDLLLHL
           2400.000 DDDDLLLHLDDDDLLLHL
           2420.000 UDDDLLLHLUDDDLLLHL
           2440.000 DDDDLLLHLDDDDLLLHL
           2460.000 UDDDLLLHLUDDDLLLHL
           2480.000 DDDDLLLHLDDDDLLLHL
           2500.000 UDDDLLLHLUDDDLLLHL
           2520.000 DDDDLLLHLDDDDLLLHL
           2525.000 DDDULLLHLDDDULLLHL
           2540.000 UDDULLLHLUDDULLLHL
           2560.000 DDDULLLHLDDDULLLHL
           2580.000 UDDULLLHLUDDULLLHL
           2600.000 DDDULLLHLDDDULLLHL
           2620.000 UDDULLLHLUDDULLLHL
           2640.000 DDDULLLHLDDDULLLHL
           2660.000 UDDULLLHLUDDULLLHL
           2680.000 DDDULLLHLDDDULLLHL
           2700.000 UDDULLLHLUDDULLLHL
           2720.000 DDDULLLHLDDDULLLHL
           2740.000 UDDULLLHLUDDULLLHL
           2760.000 DDDULLLHLDDDULLLHL
           2780.000 UDDULLLHLUDDULLLHL
           2800.000 DDDULLLHLDDDULLLHL
           2820.000 UDDULLLHLUDDULLLHL
           2840.000 DDDULLLHLDDDULLLHL
           2860.000 UDDULLLHLUDDULLLHL
           2880.000 DDDULLLHLDDDULLLHL
           2900.000 UDDULLLHLUDDULLLHL
           2920.000 DDDULLLHLDDDULLLHL
           2940.000 UDDULLLHLUDDULLLHL
           2960.000 DDDULLLHLDDDULLLHL
           2980.000 UDDULLLHLUDDULLLHL
           3000.000 DDDULLLHLDDDULLLHL
           3020.000 UDDULLLHLUDDULLLHL
           3030.000 UDDDLLLHLUDDDLLLHL
           3040.000 DDDDLLLHLDDDDLLLHL
           3060.000 UDDDLLLHLUDDDLLLHL
           3080.000 DDDDLLLHLDDDDLLLHL
           3100.000 UDDDLLLHLUDDDLLLHL
           3120.000 DDDDLLLHLDDDDLLLHL
           3140.000 UDDDLLLHLUDDDLLLHL
           3160.000 DDDDLLLHLDDDDLLLHL
           3180.000 UDDDLLLHLUDDDLLLHL
           3200.000 DDDDLLLHLDDDDLLLHL
           3220.000 UDDDLLLHLUDDDLLLHL
           3240.000 DDDDLLLHLDDDDLLLHL
           3260.000 UDDDLLLHLUDDDLLLHL
           3280.000 DDDDLLLHLDDDDLLLHL
           3300.000 UDDDLLLHLUDDDLLLHL
           3320.000 DDDDLLLHLDDDDLLLHL
           3340.000 UDDDLLLHLUDDDLLLHL
           3360.000 DDDDLLLHLDDDDLLLHL
           3380.000 UDDDLLLHLUDDDLLLHL
           3400.000 DDDDLLLHLDDDDLLLHL
           3420.000 UDDDLLLHLUDDDLLLHL
           3440.000 DDDDLLLHLDDDDLLLHL
           3460.000 UDDDLLLHLUDDDLLLHL
           3480.000 DDDDLLLHLDDDDLLLHL
           3500.000 UDDDLLLHLUDDDLLLHL
           3520.000 DDDDLLLHLDDDDLLLHL
           3535.000 DDDULLLHLDDDULLLHL
           3540.000 UDDULLLHLUDDULLLHL
           3560.000 DDDULLLHLDDDULLLHL
           3580.000 UDDULLLHLUDDULLLHL
           3600.000 DDDULLLHLDDDULLLHL
           3620.000 UDDULLLHLUDDULLLHL
           3640.000 DDDULLLHLDDDULLLHL
           3660.000 UDDULLLHLUDDULLLHL
           3680.000 DDDULLLHLDDDULLLHL
           3700.000 UDDULLLHLUDDULLLHL
           3720.000 DDDULLLHLDDDULLLHL
           3740.000 UDDULLLHLUDDULLLHL
           3760.000 DDDULLLHLDDDULLLHL
           3780.000 UDDULLLHLUDDULLLHL
           3800.000 DDDULLLHLDDDULLLHL
           3820.000 UDDULLLHLUDDULLLHL
           3840.000 DDDULLLHLDDDULLLHL
           3860.000 UDDULLLHLUDDULLLHL
           3880.000 DDDULLLHLDDDULLLHL
           3900.000 UDDULLLHLUDDULLLHL
           3920.000 DDDULLLHLDDDULLLHL
           3940.000 UDDULLLHLUDDULLLHL
           3960.000 DDDULLLHLDDDULLLHL
           3980.000 UDDULLLHLUDDULLLHL
           4000.000 DDDULLLHLDDDULLLHL
           4020.000 UDDULLLHLUDDULLLHL
           4040.000 DDDDLLLHLDDDDLLLHL
           4060.000 UDDDLLLHLUDDDLLLHL
           4080.000 DDDDLLLHLDDDDLLLHL
           4100.000 UDDDLLLHLUDDDLLLHL
           4120.000 DDDDLLLHLDDDDLLLHL
           4140.000 UDDDLLLHLUDDDLLLHL
           4160.000 DDDDLLLHLDDDDLLLHL
           4180.000 UDDDLLLHLUDDDLLLHL
           4200.000 DDDDLLLHLDDDDLLLHL
           4220.000 UDDDLLLHLUDDDLLLHL
           4240.000 DDDDLLLHLDDDDLLLHL
           4260.000 UDDDLLLHLUDDDLLLHL
           4280.000 DDDDLLLHLDDDDLLLHL
           4300.000 UDDDLLLHLUDDDLLLHL
           4320.000 DDDDLLLHLDDDDLLLHL
           4340.000 UDDDLLLHLUDDDLLLHL
           4360.000 DDDDLLLHLDDDDLLLHL
           4380.000 UDDDLLLHLUDDDLLLHL
           4400.000 DDDDLLLHLDDDDLLLHL
           4420.000 UDDDLLLHLUDDDLLLHL
           4440.000 DDDDLLLHLDDDDLLLHL
           4460.000 UDDDLLLHLUDDDLLLHL
           4480.000 DDDDLLLHLDDDDLLLHL
           4500.000 UDDDLLLHLUDDDLLLHL
           4520.000 DDDDLLLHLDDDDLLLHL
           4540.000 UDDDLLLHLUDDDLLLHL
           4545.000 UDDULLLHLUDDULLLHL
           4560.000 DDDULLLHLDDDULLLHL
           4580.000 UDDULLLHLUDDULLLHL
           4600.000 DDDULLLHLDDDULLLHL
           4620.000 UDDULLLHLUDDULLLHL
           4640.000 DDDULLLHLDDDULLLHL
           4660.000 UDDULLLHLUDDULLLHL
           4680.000 DDDULLLHLDDDULLLHL
           4700.000 UDDULLLHLUDDULLLHL
           4720.000 DDDULLLHLDDDULLLHL
           4740.000 UDDULLLHLUDDULLLHL
           4760.000 DDDULLLHLDDDULLLHL
           4780.000 UDDULLLHLUDDULLLHL
           4800.000 DDDULLLHLDDDULLLHL
           4820.000 UDDULLLHLUDDULLLHL
           4840.000 DDDULLLHLDDDULLLHL
           4860.000 UDDULLLHLUDDULLLHL
           4880.000 DDDULLLHLDDDULLLHL
           4900.000 UDDULLLHLUDDULLLHL
           4920.000 DDDULLLHLDDDULLLHL
           4940.000 UDDULLLHLUDDULLLHL
           4960.000 DDDULLLHLDDDULLLHL
           4980.000 UDDULLLHLUDDULLLHL
           5000.000 DDDULLLHLDDDULLLHL
           5020.000 UDDULLLHLUDDULLLHL
           5040.000 DDDULLLHLDDDULLLHL
           5050.000 DDDDLLLHLDDDDLLLHL
           5060.000 UDDDLLLHLUDDDLLLHL
           5080.000 DDDDLLLHLDDDDLLLHL
           5100.000 UDDDLLLHLUDDDLLLHL
           5120.000 DDDDLLLHLDDDDLLLHL
           5140.000 UDDDLLLHLUDDDLLLHL
           5160.000 DDDDLLLHLDDDDLLLHL
           5180.000 UDDDLLLHLUDDDLLLHL
           5200.000 DDDDLLLHLDDDDLLLHL
           5220.000 UDDDLLLHLUDDDLLLHL
           5240.000 DDDDLLLHLDDDDLLLHL
           5260.000 UDDDLLLHLUDDDLLLHL
           5280.000 DDDDLLLHLDDDDLLLHL
           5300.000 UDDDLLLHLUDDDLLLHL
           5320.000 DDDDLLLHLDDDDLLLHL
           5340.000 UDDDLLLHLUDDDLLLHL
           5360.000 DDDDLLLHLDDDDLLLHL
           5380.000 UDDDLLLHLUDDDLLLHL
           5400.000 DDDDLLLHLDDDDLLLHL
           5420.000 UDDDLLLHLUDDDLLLHL
           5440.000 DDDDLLLHLDDDDLLLHL
           5460.000 UDDDLLLHLUDDDLLLHL
           5480.000 DDDDLLLHLDDDDLLLHL
           5500.000 UDDDLLLHLUDDDLLLHL
           5520.000 DDDDLLLHLDDDDLLLHL
           5540.000 UDDDLLLHLUDDDLLLHL
           5555.000 UDDULLLHLUDDULLLHL
           5560.000 DDDULLLHLDDDULLLHL
           5580.000 UDDULLLHLUDDULLLHL
           5600.000 DDDULLLHLDDDULLLHL
           5620.000 UDDULLLHLUDDULLLHL
           5640.000 DDDULLLHLDDDULLLHL
           5660.000 UDDULLLHLUDDULLLHL
           5680.000 DDDULLLHLDDDULLLHL
           5700.000 UDDULLLHLUDDULLLHL
           5720.000 DDDULLLHLDDDULLLHL
           5740.000 UDDULLLHLUDDULLLHL
           5760.000 DDDULLLHLDDDULLLHL
           5780.000 UDDULLLHLUDDULLLHL
           5800.000 DDDULLLHLDDDULLLHL
           5820.000 UDDULLLHLUDDULLLHL
           5840.000 DDDULLLHLDDDULLLHL
           5860.000 UDDULLLHLUDDULLLHL
           5880.000 DDDULLLHLDDDULLLHL
           5900.000 UDDULLLHLUDDULLLHL
           5920.000 DDDULLLHLDDDULLLHL
           5940.000 UDDULLLHLUDDULLLHL
           5960.000 DDDULLLHLDDDULLLHL
           5980.000 UDDULLLHLUDDULLLHL
           6000.000 DDDULLLHLDDDULLLHL
           6020.000 UDDULLLHLUDDULLLHL
           6040.000 DDDULLLHLDDDULLLHL
           6060.000 UDDDLLLHLUDDDLLLHL
           6080.000 DDDDLLLHLDDDDLLLHL
           6100.000 UDDDLLLHLUDDDLLLHL
           6120.000 DDDDLLLHLDDDDLLLHL
           6140.000 UDDDLLLHLUDDDLLLHL
           6160.000 DDDDLLLHLDDDDLLLHL
           6180.000 UDDDLLLHLUDDDLLLHL
           6200.000 DDDDLLLHLDDDDLLLHL
           6220.000 UDDDLLLHLUDDDLLLHL
           6240.000 DDDDLLLHLDDDDLLLHL
           6260.000 UDDDLLLHLUDDDLLLHL
           6280.000 DDDDLLLHLDDDDLLLHL
           6300.000 UDDDLLLHLUDDDLLLHL
           6320.000 DDDDLLLHLDDDDLLLHL
           6340.000 UDDDLLLHLUDDDLLLHL
           6360.000 DDDDLLLHLDDDDLLLHL
           6380.000 UDDDLLLHLUDDDLLLHL
           6400.000 DDDDLLLHLDDDDLLLHL
           6420.000 UDDDLLLHLUDDDLLLHL
           6440.000 DDDDLLLHLDDDDLLLHL
           6460.000 UDDDLLLHLUDDDLLLHL
           6480.000 DDDDLLLHLDDDDLLLHL
           6500.000 UDDDLLLHLUDDDLLLHL
           6520.000 DDDDLLLHLDDDDLLLHL
           6540.000 UDDDLLLHLUDDDLLLHL
           6560.000 DDDDLLLHLDDDDLLLHL
           6565.000 DDDULLLHLDDDULLLHL
           6580.000 UDDULLLHLUDDULLLHL
           6600.000 DDDULLLHLDDDULLLHL
           6620.000 UDDULLLHLUDDULLLHL
           6640.000 DDDULLLHLDDDULLLHL
           6660.000 UDDULLLHLUDDULLLHL
           6680.000 DDDULLLHLDDDULLLHL
           6700.000 UDDULLLHLUDDULLLHL
           6720.000 DDDULLLHLDDDULLLHL
           6740.000 UDDULLLHLUDDULLLHL
           6760.000 DDDULLLHLDDDULLLHL
           6780.000 UDDULLLHLUDDULLLHL
           6800.000 DDDULLLHLDDDULLLHL
           6820.000 UDDULLLHLUDDULLLHL
           6840.000 DDDULLLHLDDDULLLHL
           6860.000 UDDULLLHLUDDULLLHL
           6880.000 DDDULLLHLDDDULLLHL
           6900.000 UDDULLLHLUDDULLLHL
           6920.000 DDDULLLHLDDDULLLHL
           6940.000 UDDULLLHLUDDULLLHL
           6960.000 DDDULLLHLDDDULLLHL
           6980.000 UDDULLLHLUDDULLLHL
           7000.000 DDDULLLHLDDDULLLHL
           7020.000 UDDULLLHLUDDULLLHL
           7040.000 DDDULLLHLDDDULLLHL
           7060.000 UDDULLLHLUDDULLLHL
           7070.000 UDDDLLLHLUDDDLLLHL
           7080.000 DDDDLLLHLDDDDLLLHL
           7100.000 UDDDLLLHLUDDDLLLHL
           7120.000 DDDDLLLHLDDDDLLLHL
           7140.000 UDDDLLLHLUDDDLLLHL
           7160.000 DDDDLLLHLDDDDLLLHL
           7180.000 UDDDLLLHLUDDDLLLHL
           7200.000 DDDDLLLHLDDDDLLLHL
           7220.000 UDDDLLLHLUDDDLLLHL
           7240.000 DDDDLLLHLDDDDLLLHL
           7260.000 UDDDLLLHLUDDDLLLHL
           7280.000 DDDDLLLHLDDDDLLLHL
           7300.000 UDDDLLLHLUDDDLLLHL
           7320.000 DDDDLLLHLDDDDLLLHL
           7340.000 UDDDLLLHLUDDDLLLHL
           7360.000 DDDDLLLHLDDDDLLLHL
           7380.000 UDDDLLLHLUDDDLLLHL
           7400.000 DDDDLLLHLDDDDLLLHL
           7420.000 UDDDLLLHLUDDDLLLHL
           7440.000 DDDDLLLHLDDDDLLLHL
           7460.000 UDDDLLLHLUDDDLLLHL
           7480.000 DDDDLLLHLDDDDLLLHL
           7500.000 UDDDLLLHLUDDDLLLHL
           7520.000 DDDDLLLHLDDDDLLLHL
           7540.000 UDDDLLLHLUDDDLLLHL
           7560.000 DDDDLLLHLDDDDLLLHL
           7575.000 DDDULLLHLDDDULLLHL
           7580.000 UDDULLLHLUDDULLLHL
           7600.000 DDDULLLHLDDDULLLHL
           7620.000 UDDULLLHLUDDULLLHL
           7640.000 DDDULLLHLDDDULLLHL
           7660.000 UDDULLLHLUDDULLLHL
           7680.000 DDDULLLHLDDDULLLHL
           7700.000 UDDULLLHLUDDULLLHL
           7720.000 DDDULLLHLDDDULLLHL
           7740.000 UDDULLLHLUDDULLLHL
           7760.000 DDDULLLHLDDDULLLHL
           7780.000 UDDULLLHLUDDULLLHL
           7800.000 DDDULLLHLDDDULLLHL
           7820.000 UDDULLLHLUDDULLLHL
           7840.000 DDDULLLHLDDDULLLHL
           7860.000 UDDULLLHLUDDULLLHL
           7880.000 DDDULLLHLDDDULLLHL
           7900.000 UDDULLLHLUDDULLLHL
           7920.000 DDDULLLHLDDDULLLHL
           7940.000 UDDULLLHLUDDULLLHL
           7960.000 DDDULLLHLDDDULLLHL
           7980.000 UDDULLLHLUDDULLLHL
           8000.000 DDDULLLHLDDDULLLHL
           8020.000 UDDULLLHLUDDULLLHL
           8040.000 DDDULLLHLDDDULLLHL
           8060.000 UDDULLLHLUDDULLLHL
           8080.000 DDDDLLLHLDDDDLLLHL
           8100.000 UDDDLLLHLUDDDLLLHL
           8120.000 DDDDLLLHLDDDDLLLHL
           8140.000 UDDDLLLHLUDDDLLLHL
           8160.000 DDDDLLLHLDDDDLLLHL
           8180.000 UDDDLLLHLUDDDLLLHL
           8200.000 DDDDLLLHLDDDDLLLHL
           8220.000 UDDDLLLHLUDDDLLLHL
           8240.000 DDDDLLLHLDDDDLLLHL
           8260.000 UDDDLLLHLUDDDLLLHL
           8280.000 DDDDLLLHLDDDDLLLHL
           8300.000 UDDDLLLHLUDDDLLLHL
           8320.000 DDDDLLLHLDDDDLLLHL
           8340.000 UDDDLLLHLUDDDLLLHL
           8360.000 DDDDLLLHLDDDDLLLHL
           8380.000 UDDDLLLHLUDDDLLLHL
           8400.000 DDDDLLLHLDDDDLLLHL
           8420.000 UDDDLLLHLUDDDLLLHL
           8440.000 DDDDLLLHLDDDDLLLHL
           8460.000 UDDDLLLHLUDDDLLLHL
           8480.000 DDDDLLLHLDDDDLLLHL
           8500.000 UDDDLLLHLUDDDLLLHL
           8520.000 DDDDLLLHLDDDDLLLHL
           8540.000 UDDDLLLHLUDDDLLLHL
           8560.000 DDDDLLLHLDDDDLLLHL
           8580.000 UDDDLLLHLUDDDLLLHL
           8585.000 UDDULLLHLUDDULLLHL
           8600.000 DDDULLLHLDDDULLLHL
           8620.000 UDDULLLHLUDDULLLHL
           8640.000 DDDULLLHLDDDULLLHL
           8660.000 UDDULLLHLUDDULLLHL
           8680.000 DDDULLLHLDDDULLLHL
           8700.000 UDDULLLHLUDDULLLHL
           8720.000 DDDULLLHLDDDULLLHL
           8740.000 UDDULLLHLUDDULLLHL
           8760.000 DDDULLLHLDDDULLLHL
           8780.000 UDDULLLHLUDDULLLHL
           8800.000 DDDULLLHLDDDULLLHL
           8820.000 UDDULLLHLUDDULLLHL
           8840.000 DDDULLLHLDDDULLLHL
           8860.000 UDDULLLHLUDDULLLHL
           8880.000 DDDULLLHLDDDULLLHL
           8900.000 UDDULLLHLUDDULLLHL
           8920.000 DDDULLLHLDDDULLLHL
           8940.000 UDDULLLHLUDDULLLHL
           8960.000 DDDULLLHLDDDULLLHL
           8980.000 UDDULLLHLUDDULLLHL
           9000.000 DDDULLLHLDDDULLLHL
           9020.000 UDDULLLHLUDDULLLHL
           9040.000 DDDULLLHLDDDULLLHL
           9060.000 UDDULLLHLUDDULLLHL
           9080.000 DDDULLLHLDDDULLLHL
           9090.000 DDDDLLLHLDDDDLLLHL
           9100.000 UDDDLLLHLUDDDLLLHL
           9120.000 DDDDLLLHLDDDDLLLHL
           9140.000 UDDDLLLHLUDDDLLLHL
           9160.000 DDDDLLLHLDDDDLLLHL
           9180.000 UDDDLLLHLUDDDLLLHL
           9200.000 DDDDLLLHLDDDDLLLHL
           9220.000 UDDDLLLHLUDDDLLLHL
           9240.000 DDDDLLLHLDDDDLLLHL
           9260.000 UDDDLLLHLUDDDLLLHL
           9280.000 DDDDLLLHLDDDDLLLHL
           9300.000 UDDDLLLHLUDDDLLLHL
           9320.000 DDDDLLLHLDDDDLLLHL
           9340.000 UDDDLLLHLUDDDLLLHL
           9360.000 DDDDLLLHLDDDDLLLHL
           9380.000 UDDDLLLHLUDDDLLLHL
           9400.000 DDDDLLLHLDDDDLLLHL
           9420.000 UDDDLLLHLUDDDLLLHL
           9440.000 DDDDLLLHLDDDDLLLHL
           9460.000 UDDDLLLHLUDDDLLLHL
           9480.000 DDDDLLLHLDDDDLLLHL
           9500.000 UDDDLLLHLUDDDLLLHL
           9520.000 DDDDLLLHLDDDDLLLHL
           9540.000 UDDDLLLHLUDDDLLLHL
           9560.000 DDDDLLLHLDDDDLLLHL
           9580.000 UDDDLLLHLUDDDLLLHL
           9595.000 UDDULLLHLUDDULLLHL
           9600.000 DDDULLLHLDDDULLLHL
           9620.000 UDDULLLHLUDDULLLHL
           9640.000 DDDULLLHLDDDULLLHL
           9660.000 UDDULLLHLUDDULLLHL
           9680.000 DDDULLLHLDDDULLLHL
           9700.000 UDDULLLHLUDDULLLHL
           9720.000 DDDULLLHLDDDULLLHL
           9740.000 UDDULLLHLUDDULLLHL
           9760.000 DDDULLLHLDDDULLLHL
           9780.000 UDDULLLHLUDDULLLHL
           9800.000 DDDULLLHLDDDULLLHL
           9820.000 UDDULLLHLUDDULLLHL
           9840.000 DDDULLLHLDDDULLLHL
           9860.000 UDDULLLHLUDDULLLHL
           9880.000 DDDULLLHLDDDULLLHL
           9900.000 UDDULLLHLUDDULLLHL
           9920.000 DDDULLLHLDDDULLLHL
           9940.000 UDDULLLHLUDDULLLHL
           9960.000 DDDULLLHLDDDULLLHL
           9980.000 UDDULLLHLUDDULLLHL
          10000.000 DDDULLLHLDDDULLLHL
          10020.000 UDDULLLHLUDDULLLHL
          10040.000 DDDULLLHLDDDULLLHL
          10060.000 UDDULLLHLUDDULLLHL
          10080.000 DDDULLLHLDDDULLLHL
          10100.000 UDDDLLLHLUDDDLLLHL
          10120.000 DDDDLLLHLDDDDLLLHL
          10140.000 UDDDLLLHLUDDDLLLHL
          10160.000 DDDDLLLHLDDDDLLLHL
          10180.000 UDDDLLLHLUDDDLLLHL
          10200.000 DDDDLLLHLDDDDLLLHL
          10220.000 UDDDLLLHLUDDDLLLHL
          10240.000 DDDDLLLHLDDDDLLLHL
          10260.000 UDDDLLLHLUDDDLLLHL
          10280.000 DDDDLLLHLDDDDLLLHL
          10300.000 UDDDLLLHLUDDDLLLHL
          10320.000 DDDDLLLHLDDDDLLLHL
          10340.000 UDDDLLLHLUDDDLLLHL
          10360.000 DDDDLLLHLDDDDLLLHL
          10380.000 UDDDLLLHLUDDDLLLHL
          10400.000 DDDDLLLHLDDDDLLLHL
          10420.000 UDDDLLLHLUDDDLLLHL
          10440.000 DDDDLLLHLDDDDLLLHL
          10460.000 UDDDLLLHLUDDDLLLHL
          10480.000 DDDDLLLHLDDDDLLLHL
          10500.000 UDDDLLLHLUDDDLLLHL
          10520.000 DDDDLLLHLDDDDLLLHL
          10540.000 UDDDLLLHLUDDDLLLHL
          10560.000 DDDDLLLHLDDDDLLLHL
          10580.000 UDDDLLLHLUDDDLLLHL
          10600.000 DDDDLLLHLDDDDLLLHL
          10605.000 DDDULLLHLDDDULLLHL
          10620.000 UDDULLLHLUDDULLLHL
          10640.000 DDDULLLHLDDDULLLHL
          10660.000 UDDULLLHLUDDULLLHL
          10680.000 DDDULLLHLDDDULLLHL
          10700.000 UDDULLLHLUDDULLLHL
          10720.000 DDDULLLHLDDDULLLHL
          10740.000 UDDULLLHLUDDULLLHL
          10760.000 DDDULLLHLDDDULLLHL
          10780.000 UDDULLLHLUDDULLLHL
          10800.000 DDDULLLHLDDDULLLHL
          10820.000 UDDULLLHLUDDULLLHL
          10840.000 DDDULLLHLDDDULLLHL
          10860.000 UDDULLLHLUDDULLLHL
          10880.000 DDDULLLHLDDDULLLHL
          10900.000 UDDULLLHLUDDULLLHL
          10920.000 DDDULLLHLDDDULLLHL
          10940.000 UDDULLLHLUDDULLLHL
          10960.000 DDDULLLHLDDDULLLHL
          10980.000 UDDULLLHLUDDULLLHL
          11000.000 DDDULLLHLDDDULLLHL
          11020.000 UDDULLLHLUDDULLLHL
          11040.000 DDDULLLHLDDDULLLHL
          11060.000 UDDULLLHLUDDULLLHL
          11080.000 DDDULLLHLDDDULLLHL
          11100.000 UDDULLLHLUDDULLLHL
          11110.000 UDDDLLLHLUDDDLLLHL
          11120.000 DDDDLLLHLDDDDLLLHL
          11140.000 UDDDLLLHLUDDDLLLHL
          11160.000 DDDDLLLHLDDDDLLLHL
          11180.000 UDDDLLLHLUDDDLLLHL
          11200.000 DDDDLLLHLDDDDLLLHL
          11220.000 UDDDLLLHLUDDDLLLHL
          11240.000 DDDDLLLHLDDDDLLLHL
          11260.000 UDDDLLLHLUDDDLLLHL
          11280.000 DDDDLLLHLDDDDLLLHL
          11300.000 UDDDLLLHLUDDDLLLHL
          11320.000 DDDDLLLHLDDDDLLLHL
          11340.000 UDDDLLLHLUDDDLLLHL
          11360.000 DDDDLLLHLDDDDLLLHL
          11380.000 UDDDLLLHLUDDDLLLHL
          11400.000 DDDDLLLHLDDDDLLLHL
          11420.000 UDDDLLLHLUDDDLLLHL
          11440.000 DDDDLLLHLDDDDLLLHL
          11460.000 UDDDLLLHLUDDDLLLHL
          11480.000 DDDDLLLHLDDDDLLLHL
          11500.000 UDDDLLLHLUDDDLLLHL
          11520.000 DDDDLLLHLDDDDLLLHL
          11540.000 UDDDLLLHLUDDDLLLHL
          11560.000 DDDDLLLHLDDDDLLLHL
          11580.000 UDDDLLLHLUDDDLLLHL
          11600.000 DDDDLLLHLDDDDLLLHL
          11615.000 DDDULLLHLDDDULLLHL
          11620.000 UDDULLLHLUDDULLLHL
          11640.000 DDDULLLHLDDDULLLHL
          11660.000 UDDULLLHLUDDULLLHL
          11680.000 DDDULLLHLDDDULLLHL
          11700.000 UDDULLLHLUDDULLLHL
          11720.000 DDDULLLHLDDDULLLHL
          11740.000 UDDULLLHLUDDULLLHL
          11760.000 DDDULLLHLDDDULLLHL
          11780.000 UDDULLLHLUDDULLLHL
          11800.000 DDDULLLHLDDDULLLHL
          11820.000 UDDULLLHLUDDULLLHL
          11840.000 DDDULLLHLDDDULLLHL
          11860.000 UDDULLLHLUDDULLLHL
          11880.000 DDDULLLHLDDDULLLHL
          11900.000 UDDULLLHLUDDULLLHL
          11920.000 DDDULLLHLDDDULLLHL
          11940.000 UDDULLLHLUDDULLLHL
          11960.000 DDDULLLHLDDDULLLHL
          11980.000 UDDULLLHLUDDULLLHL
          12000.000 DDDULLLHLDDDULLLHL
          12020.000 UDDULLLHLUDDULLLHL
          12040.000 DDDULLLHLDDDULLLHL
          12060.000 UDDULLLHLUDDULLLHL
          12080.000 DDDULLLHLDDDULLLHL
          12100.000 UDDULLLHLUDDULLLHL
          12120.000 DDDDLLLHLDDDDLLLHL
          12140.000 UDDDLLLHLUDDDLLLHL
          12160.000 DDDDLLLHLDDDDLLLHL
          12180.000 UDDDLLLHLUDDDLLLHL
          12200.000 DDDDLLLHLDDDDLLLHL
          12220.000 UDDDLLLHLUDDDLLLHL
          12240.000 DDDDLLLHLDDDDLLLHL
          12260.000 UDDDLLLHLUDDDLLLHL
          12280.000 DDDDLLLHLDDDDLLLHL
          12300.000 UDDDLLLHLUDDDLLLHL
          12320.000 DDDDLLLHLDDDDLLLHL
          12340.000 UDDDLLLHLUDDDLLLHL
          12360.000 DDDDLLLHLDDDDLLLHL
          12380.000 UDDDLLLHLUDDDLLLHL
          12400.000 DDDDLLLHLDDDDLLLHL
          12420.000 UDDDLLLHLUDDDLLLHL
          12440.000 DDDDLLLHLDDDDLLLHL
          12460.000 UDDDLLLHLUDDDLLLHL
          12480.000 DDDDLLLHLDDDDLLLHL
          12500.000 UDDDLLLHLUDDDLLLHL
          12520.000 DDDDLLLHLDDDDLLLHL
          12540.000 UDDDLLLHLUDDDLLLHL
          12560.000 DDDDLLLHLDDDDLLLHL
          12580.000 UDDDLLLHLUDDDLLLHL
          12600.000 DDDDLLLHLDDDDLLLHL
          12620.000 UDDDLLLHLUDDDLLLHL
          12625.000 UDDULLLHLUDDULLLHL
          12640.000 DDDULLLHLDDDULLLHL
          12660.000 UDDULLLHLUDDULLLHL
          12680.000 DDDULLLHLDDDULLLHL
          12700.000 UDDULLLHLUDDULLLHL
          12720.000 DDDULLLHLDDDULLLHL
          12740.000 UDDULLLHLUDDULLLHL
          12760.000 DDDULLLHLDDDULLLHL
          12780.000 UDDULLLHLUDDULLLHL
          12800.000 DDDULLLHLDDDULLLHL
          12820.000 UDDULLLHLUDDULLLHL
          12840.000 DDDULLLHLDDDULLLHL
          12860.000 UDDULLLHLUDDULLLHL
          12880.000 DDDULLLHLDDDULLLHL
          12900.000 UDDULLLHLUDDULLLHL
          12920.000 DDDULLLHLDDDULLLHL
          12940.000 UDDULLLHLUDDULLLHL
          12960.000 DDDULLLHLDDDULLLHL
          12980.000 UDDULLLHLUDDULLLHL
          13000.000 DDDULLLHLDDDULLLHL
          13020.000 UDDULLLHLUDDULLLHL
          13040.000 DDDULLLHLDDDULLLHL
          13060.000 UDDULLLHLUDDULLLHL
          13080.000 DDDULLLHLDDDULLLHL
          13100.000 UDDULLLHLUDDULLLHL
          13120.000 DDDULLLHLDDDULLLHL
          13130.000 DDDDLLLHLDDDDLLLHL
          13140.000 UDDDLLLHLUDDDLLLHL
          13160.000 DDDDLLLHLDDDDLLLHL
          13180.000 UDDDLLLHLUDDDLLLHL
          13200.000 DDDDLLLHLDDDDLLLHL
          13220.000 UDDDLLLHLUDDDLLLHL
          13240.000 DDDDLLLHLDDDDLLLHL
          13260.000 UDDDLLLHLUDDDLLLHL
          13280.000 DDDDLLLHLDDDDLLLHL
          13300.000 UDDDLLLHLUDDDLLLHL
          13320.000 DDDDLLLHLDDDDLLLHL
          13340.000 UDDDLLLHLUDDDLLLHL
          13360.000 DDDDLLLHLDDDDLLLHL
          13380.000 UDDDLLLHLUDDDLLLHL
          13400.000 DDDDLLLHLDDDDLLLHL
          13420.000 UDDDLLLHLUDDDLLLHL
          13440.000 DDDDLLLHLDDDDLLLHL
          13460.000 UDDDLLLHLUDDDLLLHL
          13480.000 DDDDLLLHLDDDDLLLHL
          13500.000 UDDDLLLHLUDDDLLLHL
          13520.000 DDDDLLLHLDDDDLLLHL
          13540.000 UDDDLLLHLUDDDLLLHL
          13560.000 DDDDLLLHLDDDDLLLHL
          13580.000 UDDDLLLHLUDDDLLLHL
          13600.000 DDDDLLLHLDDDDLLLHL
          13620.000 UDDDLLLHLUDDDLLLHL
          13635.000 UDDULLLHLUDDULLLHL
          13640.000 DDDULLLHLDDDULLLHL
          13660.000 UDDULLLHLUDDULLLHL
          13680.000 DDDULLLHLDDDULLLHL
          13700.000 UDDULLLHLUDDULLLHL
          13720.000 DDDULLLHLDDDULLLHL
          13740.000 UDDULLLHLUDDULLLHL
          13760.000 DDDULLLHLDDDULLLHL
          13780.000 UDDULLLHLUDDULLLHL
          13800.000 DDDULLLHLDDDULLLHL
          13820.000 UDDULLLHLUDDULLLHL
          13840.000 DDDULLLHLDDDULLLHL
          13860.000 UDDULLLHLUDDULLLHL
          13880.000 DDDULLLHLDDDULLLHL
          13900.000 UDDULLLHLUDDULLLHL
          13920.000 DDDULLLHLDDDULLLHL
          13940.000 UDDULLLHLUDDULLLHL
          13960.000 DDDULLLHLDDDULLLHL
          13980.000 UDDULLLHLUDDULLLHL
          14000.000 DDDULLLHLDDDULLLHL
          14020.000 UDDULLLHLUDDULLLHL
          14040.000 DDDULLLHLDDDULLLHL
          14060.000 UDDULLLHLUDDULLLHL
          14080.000 DDDULLLHLDDDULLLHL
          14100.000 UDDULLLHLUDDULLLHL
          14120.000 DDDULLLHLDDDULLLHL
          14140.000 UDDDLLLHLUDDDLLLHL
          14160.000 DDDDLLLHLDDDDLLLHL
          14180.000 UDDDLLLHLUDDDLLLHL
          14200.000 DDDDLLLHLDDDDLLLHL
          14220.000 UDDDLLLHLUDDDLLLHL
          14240.000 DDDDLLLHLDDDDLLLHL
          14260.000 UDDDLLLHLUDDDLLLHL
          14280.000 DDDDLLLHLDDDDLLLHL
          14300.000 UDDDLLLHLUDDDLLLHL
          14320.000 DDDDLLLHLDDDDLLLHL
          14340.000 UDDDLLLHLUDDDLLLHL
          14360.000 DDDDLLLHLDDDDLLLHL
          14380.000 UDDDLLLHLUDDDLLLHL
          14400.000 DDDDLLLHLDDDDLLLHL
          14420.000 UDDDLLLHLUDDDLLLHL
          14440.000 DDDDLLLHLDDDDLLLHL
          14460.000 UDDDLLLHLUDDDLLLHL
          14480.000 DDDDLLLHLDDDDLLLHL
          14500.000 UDDDLLLHLUDDDLLLHL
          14520.000 DDDDLLLHLDDDDLLLHL
          14540.000 UDDDLLLHLUDDDLLLHL
          14560.000 DDDDLLLHLDDDDLLLHL
          14580.000 UDDDLLLHLUDDDLLLHL
          14600.000 DDDDLLLHLDDDDLLLHL
          14620.000 UDDDLLLHLUDDDLLLHL
          14640.000 DDDDLLLHLDDDDLLLHL
          14645.000 DDDULLLHLDDDULLLHL
          14660.000 UDDULLLHLUDDULLLHL
          14680.000 DDDULLLHLDDDULLLHL
          14700.000 UDDULLLHLUDDULLLHL
          14720.000 DDDULLLHLDDDULLLHL
          14740.000 UDDULLLHLUDDULLLHL
          14760.000 DDDULLLHLDDDULLLHL
          14780.000 UDDULLLHLUDDULLLHL
          14800.000 DDDULLLHLDDDULLLHL
          14820.000 UDDULLLHLUDDULLLHL
          14840.000 DDDULLLHLDDDULLLHL
          14860.000 UDDULLLHLUDDULLLHL
          14880.000 DDDULLLHLDDDULLLHL
          14900.000 UDDULLLHLUDDULLLHL
          14920.000 DDDULLLHLDDDULLLHL
          14940.000 UDDULLLHLUDDULLLHL
          14960.000 DDDULLLHLDDDULLLHL
          14980.000 UDDULLLHLUDDULLLHL
          15000.000 DDDULLLHLDDDULLLHL
          15020.000 UDDULLLHLUDDULLLHL
          15040.000 DDDULLLHLDDDULLLHL
          15060.000 UDDULLLHLUDDULLLHL
          15080.000 DDDULLLHLDDDULLLHL
          15100.000 UDDULLLHLUDDULLLHL
          15120.000 DDDULLLHLDDDULLLHL
          15140.000 UDDULLLHLUDDULLLHL
          15150.000 UDDDLLLHLUDDDLLLHL
          15160.000 DDDDLLLHLDDDDLLLHL
          15180.000 UDDDLLLHLUDDDLLLHL
          15200.000 DDDDLLLHLDDDDLLLHL
          15220.000 UDDDLLLHLUDDDLLLHL
          15240.000 DDDDLLLHLDDDDLLLHL
          15260.000 UDDDLLLHLUDDDLLLHL
          15280.000 DDDDLLLHLDDDDLLLHL
          15300.000 UDDDLLLHLUDDDLLLHL
          15320.000 DDDDLLLHLDDDDLLLHL
          15340.000 UDDDLLLHLUDDDLLLHL
          15360.000 DDDDLLLHLDDDDLLLHL
          15380.000 UDDDLLLHLUDDDLLLHL
          15400.000 DDUDLLLHLDDUDLLLHL
          15420.000 UDUDLLLHLUDUDLLLHL
          15440.000 DDUDLLLHLDDUDLLLHL
          15460.000 UDUDLLLHLUDUDLLLHL
          15480.000 DDUDLLLHLDDUDLLLHL
          15500.000 UDUDLLLHLUDUDLLLHL
          15520.000 DDUDLLLHLDDUDLLLHL
          15540.000 UDUDLLLHLUDUDLLLHL
          15560.000 DDUDLLLHLDDUDLLLHL
          15580.000 UDUDLLLHLUDUDLLLHL
          15600.000 DDDDLLLHLDDDDLLLHL
          15620.000 UDDDLLLHLUDDDLLLHL
          15640.000 DDDDLLLHLDDDDLLLHL
          15655.000 DDDULLLHLDDDULLLHL
          15660.000 UDDULLLHLUDDULLLHL
          15680.000 DDDULLLHLDDDULLLHL
          15700.000 UDDULLLHLUDDULLLHL
          15720.000 DDDULLLHLDDDULLLHL
          15740.000 UDDULLLHLUDDULLLHL
          15760.000 DDDULLLHLDDDULLLHL
          15780.000 UDDULLLHLUDDULLLHL
          15800.000 DDDULLLHLDDDULLLHL
          15820.000 UDDULLLHLUDDULLLHL
          15840.000 DDDULLLHLDDDULLLHL
          15860.000 UDDULLLHLUDDULLLHL
          15880.000 DDDULLLHLDDDULLLHL
          15900.000 UDDULLLHLUDDULLLHL
          15920.000 DDDULLLHLDDDULLLHL
          15940.000 UDDULLLHLUDDULLLHL
          15960.000 DDDULLLHLDDDULLLHL
          15980.000 UDDULLLHLUDDULLLHL
          16000.000 DDDULLLHLDDDULLLHL
          16020.000 UDDULLLHLUDDULLLHL
          16040.000 DDDULLLHLDDDULLLHL
          16060.000 UDDULLLHLUDDULLLHL
          16080.000 DDDULLLHLDDDULLLHL
          16100.000 UDDULLLHLUDDULLLHL
          16120.000 DDDULLLHLDDDULLLHL
          16140.000 UDDULLLHLUDDULLLHL
          16160.000 DDDDLLLHLDDDDLLLHL
          16180.000 UDDDLLLHLUDDDLLLHL
          16200.000 DDDDLLLHLDDDDLLLHL
          16220.000 UDDDLLLHLUDDDLLLHL
          16240.000 DDDDLLLHLDDDDLLLHL
          16260.000 UDDDLLLHLUDDDLLLHL
          16280.000 DDDDLLLHLDDDDLLLHL
          16300.000 UDDDLLLHLUDDDLLLHL
          16320.000 DDDDLLLHLDDDDLLLHL
          16340.000 UDDDLLLHLUDDDLLLHL
          16360.000 DDDDLLLHLDDDDLLLHL
          16380.000 UDDDLLLHLUDDDLLLHL
          16400.000 DDDDLLLHLDDDDLLLHL
          16420.000 UDDDLLLHLUDDDLLLHL
          16440.000 DDDDLLLHLDDDDLLLHL
          16460.000 UDDDLLLHLUDDDLLLHL
          16480.000 DDDDLLLHLDDDDLLLHL
          16500.000 UDDDLLLHLUDDDLLLHL
          16520.000 DDDDLLLHLDDDDLLLHL
          16540.000 UDDDLLLHLUDDDLLLHL
          16560.000 DDDDLLLHLDDDDLLLHL
          16580.000 UDDDLLLHLUDDDLLLHL
          16600.000 DDDDLLLHLDDDDLLLHL
          16620.000 UDDDLLLHLUDDDLLLHL
          16640.000 DDDDLLLHLDDDDLLLHL
          16660.000 UDDDLLLHLUDDDLLLHL
          16665.000 UDDULLLHLUDDULLLHL
          16680.000 DDDULLLHLDDDULLLHL
          16700.000 UDDULLLHLUDDULLLHL
          16720.000 DDDULLLHLDDDULLLHL
          16740.000 UDDULLLHLUDDULLLHL
          16760.000 DDDULLLHLDDDULLLHL
          16780.000 UDDULLLHLUDDULLLHL
          16800.000 DDDULLLHLDDDULLLHL
          16820.000 UDDULLLHLUDDULLLHL
          16840.000 DDDULLLHLDDDULLLHL
          16860.000 UDDULLLHLUDDULLLHL
          16880.000 DDDULLLHLDDDULLLHL
          16900.000 UDDULLLHLUDDULLLHL
          16920.000 DDDULLLHLDDDULLLHL
          16940.000 UDDULLLHLUDDULLLHL
          16960.000 DDDULLLHLDDDULLLHL
          16980.000 UDDULLLHLUDDULLLHL
          17000.000 DDDULLLHLDDDULLLHL
          17020.000 UDDULLLHLUDDULLLHL
          17040.000 DDDULLLHLDDDULLLHL
          17060.000 UDDULLLHLUDDULLLHL
          17080.000 DDDULLLHLDDDULLLHL
          17100.000 UDDULLLHLUDDULLLHL
          17120.000 DDDULLLHLDDDULLLHL
          17140.000 UDDULLLHLUDDULLLHL
          17160.000 DDDULLLHLDDDULLLHL
          17170.000 DDDDLLLHLDDDDLLLHL
          17180.000 UDDDLLLHLUDDDLLLHL
          17200.000 DDDDLLLHLDDDDLLLHL
          17220.000 UDDDLLLHLUDDDLLLHL
          17240.000 DDDDLLLHLDDDDLLLHL
          17260.000 UDDDLLLHLUDDDLLLHL
          17280.000 DDDDLLLHLDDDDLLLHL
          17300.000 UDDDLLLHLUDDDLLLHL
          17320.000 DDDDLLLHLDDDDLLLHL
          17340.000 UDDDLLLHLUDDDLLLHL
          17360.000 DDDDLLLHLDDDDLLLHL
          17380.000 UDDDLLLHLUDDDLLLHL
          17400.000 DDDDLLLHLDDDDLLLHL
          17420.000 UDDDLLLHLUDDDLLLHL
          17440.000 DDDDLLLHLDDDDLLLHL
          17460.000 UDDDLLLHLUDDDLLLHL
          17480.000 DDDDLLLHLDDDDLLLHL
          17500.000 UDDDLLLHLUDDDLLLHL
          17520.000 DDDDLLLHLDDDDLLLHL
          17540.000 UDDDLLLHLUDDDLLLHL
          17560.000 DDDDLLLHLDDDDLLLHL
          17580.000 UDDDLLLHLUDDDLLLHL
          17600.000 DDDDLLLHLDDDDLLLHL
          17620.000 UDDDLLLHLUDDDLLLHL
          17640.000 DDDDLLLHLDDDDLLLHL
          17660.000 UDDDLLLHLUDDDLLLHL
          17675.000 UDDULLLHLUDDULLLHL
          17680.000 DDDULLLHLDDDULLLHL
          17700.000 UDDULLLHLUDDULLLHL
          17720.000 DDDULLLHLDDDULLLHL
          17740.000 UDDULLLHLUDDULLLHL
          17760.000 DDDULLLHLDDDULLLHL
          17780.000 UDDULLLHLUDDULLLHL
          17800.000 DDDULLLHLDDDULLLHL
          17820.000 UDDULLLHLUDDULLLHL
          17840.000 DDDULLLHLDDDULLLHL
          17860.000 UDDULLLHLUDDULLLHL
          17880.000 DDDULLLHLDDDULLLHL
          17900.000 UDDULLLHLUDDULLLHL
          17920.000 DDDULLLHLDDDULLLHL
          17940.000 UDDULLLHLUDDULLLHL
          17960.000 DDDULLLHLDDDULLLHL
          17980.000 UDDULLLHLUDDULLLHL
          18000.000 DDDULLLHLDDDULLLHL
