         ns       /busy_counter_tb/test/clk  /busy_counter_tb/test/clk                                       
          delta        /busy_counter_tb/test/busy               /busy_counter_tb/test/busy                   
           /busy_counter_tb/test/global_reset  /busy_counter_tb/test/global_reset                            
        /busy_counter_tb/test/game_engine_reset  /busy_counter_tb/test/game_engine_reset                     
                       /busy_counter_tb/test/busy_count         /busy_counter_tb/test/busy_count             
      0.000  +0                           U U U U     ?              U          U      U U     ? 
      0.000  +1                           0 1 0 0     ?              0          1      0 0     ? 
     20.000  +0                           1 1 0 0     ?              1          1      0 0     ? 
     40.000  +0                           0 1 0 0     ?              0          1      0 0     ? 
     60.000  +0                           1 1 0 0     ?              1          1      0 0     ? 
     80.000  +0                           0 1 0 0     ?              0          1      0 0     ? 
    100.000  +0                           1 1 0 0     ?              1          1      0 0     ? 
    120.000  +0                           0 1 0 0     ?              0          1      0 0     ? 
    140.000  +0                           1 1 0 0     ?              1          1      0 0     ? 
    160.000  +0                           0 1 0 0     ?              0          1      0 0     ? 
    180.000  +0                           1 1 0 0     ?              1          1      0 0     ? 
    200.000  +0                           0 1 0 0     ?              0          1      0 0     ? 
    220.000  +0                           1 1 0 0     ?              1          1      0 0     ? 
    240.000  +0                           0 1 0 0     ?              0          1      0 0     ? 
    250.000  +0                           0 0 0 0     ?              0          0      0 0     ? 
    260.000  +0                           1 0 0 0     ?              1          0      0 0     ? 
    280.000  +0                           0 0 0 0     ?              0          0      0 0     ? 
    300.000  +0                           1 0 0 0     ?              1          0      0 0     ? 
    320.000  +0                           0 0 0 0     ?              0          0      0 0     ? 
    340.000  +0                           1 0 0 0     ?              1          0      0 0     ? 
    360.000  +0                           0 0 0 0     ?              0          0      0 0     ? 
    380.000  +0                           1 0 0 0     ?              1          0      0 0     ? 
    400.000  +0                           0 0 0 0     ?              0          0      0 0     ? 
    420.000  +0                           1 0 0 0     ?              1          0      0 0     ? 
    440.000  +0                           0 0 0 0     ?              0          0      0 0     ? 
    460.000  +0                           1 0 0 0     ?              1          0      0 0     ? 
    480.000  +0                           0 0 0 0     ?              0          0      0 0     ? 
    500.000  +0                           1 0 0 0     ?              1          0      0 0     ? 
    505.000  +0                           1 0 0 1     ?              1          0      0 1     ? 
    520.000  +0                           0 0 0 1     ?              0          0      0 1     ? 
    540.000  +0                           1 0 0 1     ?              1          0      0 1     ? 
    560.000  +0                           0 0 0 1     ?              0          0      0 1     ? 
    580.000  +0                           1 0 0 1     ?              1          0      0 1     ? 
    600.000  +0                           0 0 0 1     ?              0          0      0 1     ? 
    620.000  +0                           1 0 0 1     ?              1          0      0 1     ? 
    640.000  +0                           0 0 0 1     ?              0          0      0 1     ? 
    660.000  +0                           1 0 0 1     ?              1          0      0 1     ? 
    680.000  +0                           0 0 0 1     ?              0          0      0 1     ? 
    700.000  +0                           1 0 0 1     ?              1          0      0 1     ? 
    720.000  +0                           0 0 0 1     ?              0          0      0 1     ? 
    740.000  +0                           1 0 0 1     ?              1          0      0 1     ? 
    760.000  +0                           0 0 0 1     ?              0          0      0 1     ? 
    780.000  +0                           1 0 0 1     ?              1          0      0 1     ? 
    800.000  +0                           0 0 0 1     ?              0          0      0 1     ? 
    820.000  +0                           1 0 0 1     ?              1          0      0 1     ? 
    840.000  +0                           0 0 0 1     ?              0          0      0 1     ? 
    860.000  +0                           1 0 0 1     ?              1          0      0 1     ? 
    880.000  +0                           0 0 0 1     ?              0          0      0 1     ? 
    900.000  +0                           1 0 0 1     ?              1          0      0 1     ? 
    920.000  +0                           0 0 0 1     ?              0          0      0 1     ? 
    940.000  +0                           1 0 0 1     ?              1          0      0 1     ? 
    960.000  +0                           0 0 0 1     ?              0          0      0 1     ? 
    980.000  +0                           1 0 0 1     ?              1          0      0 1     ? 
   1000.000  +0                           0 0 0 1     ?              0          0      0 1     ? 
   1010.000  +0                           0 0 0 0     ?              0          0      0 0     ? 
   1020.000  +0                           1 0 0 0     ?              1          0      0 0     ? 
   1040.000  +0                           0 0 0 0     ?              0          0      0 0     ? 
   1060.000  +0                           1 0 0 0     ?              1          0      0 0     ? 
   1080.000  +0                           0 0 0 0     ?              0          0      0 0     ? 
   1100.000  +0                           1 0 0 0     ?              1          0      0 0     ? 
   1120.000  +0                           0 0 0 0     ?              0          0      0 0     ? 
   1140.000  +0                           1 0 0 0     ?              1          0      0 0     ? 
   1160.000  +0                           0 0 0 0     ?              0          0      0 0     ? 
   1180.000  +0                           1 0 0 0     ?              1          0      0 0     ? 
   1200.000  +0                           0 0 0 0     ?              0          0      0 0     ? 
   1220.000  +0                           1 0 0 0     ?              1          0      0 0     ? 
   1240.000  +0                           0 0 0 0     ?              0          0      0 0     ? 
   1260.000  +0                           1 0 0 0     ?              1          0      0 0     ? 
   1280.000  +0                           0 0 0 0     ?              0          0      0 0     ? 
   1300.000  +0                           1 0 0 0     ?              1          0      0 0     ? 
   1320.000  +0                           0 0 0 0     ?              0          0      0 0     ? 
   1340.000  +0                           1 0 0 0     ?              1          0      0 0     ? 
   1360.000  +0                           0 0 0 0     ?              0          0      0 0     ? 
   1380.000  +0                           1 0 0 0     ?              1          0      0 0     ? 
   1400.000  +0                           0 0 0 0     ?              0          0      0 0     ? 
   1420.000  +0                           1 0 0 0     ?              1          0      0 0     ? 
   1440.000  +0                           0 0 0 0     ?              0          0      0 0     ? 
   1460.000  +0                           1 0 0 0     ?              1          0      0 0     ? 
   1480.000  +0                           0 0 0 0     ?              0          0      0 0     ? 
   1500.000  +0                           1 0 0 0     ?              1          0      0 0     ? 
   1515.000  +0                           1 0 0 1     ?              1          0      0 1     ? 
   1520.000  +0                           0 0 0 1     ?              0          0      0 1     ? 
   1540.000  +0                           1 0 0 1     ?              1          0      0 1     ? 
   1560.000  +0                           0 0 0 1     ?              0          0      0 1     ? 
   1580.000  +0                           1 0 0 1     ?              1          0      0 1     ? 
   1600.000  +0                           0 0 0 1     ?              0          0      0 1     ? 
   1620.000  +0                           1 0 0 1     ?              1          0      0 1     ? 
   1640.000  +0                           0 0 0 1     ?              0          0      0 1     ? 
   1660.000  +0                           1 0 0 1     ?              1          0      0 1     ? 
   1680.000  +0                           0 0 0 1     ?              0          0      0 1     ? 
   1700.000  +0                           1 0 0 1     ?              1          0      0 1     ? 
   1720.000  +0                           0 0 0 1     ?              0          0      0 1     ? 
   1740.000  +0                           1 0 0 1     ?              1          0      0 1     ? 
   1760.000  +0                           0 0 0 1     ?              0          0      0 1     ? 
   1780.000  +0                           1 0 0 1     ?              1          0      0 1     ? 
   1800.000  +0                           0 0 0 1     ?              0          0      0 1     ? 
   1820.000  +0                           1 0 0 1     ?              1          0      0 1     ? 
   1840.000  +0                           0 0 0 1     ?              0          0      0 1     ? 
   1860.000  +0                           1 0 0 1     ?              1          0      0 1     ? 
   1880.000  +0                           0 0 0 1     ?              0          0      0 1     ? 
   1900.000  +0                           1 0 0 1     ?              1          0      0 1     ? 
   1920.000  +0                           0 0 0 1     ?              0          0      0 1     ? 
   1940.000  +0                           1 0 0 1     ?              1          0      0 1     ? 
   1960.000  +0                           0 0 0 1     ?              0          0      0 1     ? 
   1980.000  +0                           1 0 0 1     ?              1          0      0 1     ? 
   2000.000  +0                           0 0 0 1     ?              0          0      0 1     ? 
   2020.000  +0                           1 0 0 0     ?              1          0      0 0     ? 
   2040.000  +0                           0 0 0 0     ?              0          0      0 0     ? 
   2060.000  +0                           1 0 0 0     ?              1          0      0 0     ? 
   2080.000  +0                           0 0 0 0     ?              0          0      0 0     ? 
   2100.000  +0                           1 0 0 0     ?              1          0      0 0     ? 
   2120.000  +0                           0 0 0 0     ?              0          0      0 0     ? 
   2140.000  +0                           1 0 0 0     ?              1          0      0 0     ? 
   2160.000  +0                           0 0 0 0     ?              0          0      0 0     ? 
   2180.000  +0                           1 0 0 0     ?              1          0      0 0     ? 
   2200.000  +0                           0 0 0 0     ?              0          0      0 0     ? 
   2220.000  +0                           1 0 0 0     ?              1          0      0 0     ? 
   2240.000  +0                           0 0 0 0     ?              0          0      0 0     ? 
   2260.000  +0                           1 0 0 0     ?              1          0      0 0     ? 
   2280.000  +0                           0 0 0 0     ?              0          0      0 0     ? 
   2300.000  +0                           1 0 0 0     ?              1          0      0 0     ? 
   2320.000  +0                           0 0 0 0     ?              0          0      0 0     ? 
   2340.000  +0                           1 0 0 0     ?              1          0      0 0     ? 
   2360.000  +0                           0 0 0 0     ?              0          0      0 0     ? 
   2380.000  +0                           1 0 0 0     ?              1          0      0 0     ? 
   2400.000  +0                           0 0 0 0     ?              0          0      0 0     ? 
   2420.000  +0                           1 0 0 0     ?              1          0      0 0     ? 
   2440.000  +0                           0 0 0 0     ?              0          0      0 0     ? 
   2460.000  +0                           1 0 0 0     ?              1          0      0 0     ? 
   2480.000  +0                           0 0 0 0     ?              0          0      0 0     ? 
   2500.000  +0                           1 0 0 0     ?              1          0      0 0     ? 
   2520.000  +0                           0 0 0 0     ?              0          0      0 0     ? 
   2525.000  +0                           0 0 0 1     ?              0          0      0 1     ? 
   2540.000  +0                           1 0 0 1     ?              1          0      0 1     ? 
   2560.000  +0                           0 0 0 1     ?              0          0      0 1     ? 
   2580.000  +0                           1 0 0 1     ?              1          0      0 1     ? 
   2600.000  +0                           0 0 0 1     ?              0          0      0 1     ? 
   2620.000  +0                           1 0 0 1     ?              1          0      0 1     ? 
   2640.000  +0                           0 0 0 1     ?              0          0      0 1     ? 
   2660.000  +0                           1 0 0 1     ?              1          0      0 1     ? 
   2680.000  +0                           0 0 0 1     ?              0          0      0 1     ? 
   2700.000  +0                           1 0 0 1     ?              1          0      0 1     ? 
   2720.000  +0                           0 0 0 1     ?              0          0      0 1     ? 
   2740.000  +0                           1 0 0 1     ?              1          0      0 1     ? 
   2760.000  +0                           0 0 0 1     ?              0          0      0 1     ? 
   2780.000  +0                           1 0 0 1     ?              1          0      0 1     ? 
   2800.000  +0                           0 0 0 1     ?              0          0      0 1     ? 
   2820.000  +0                           1 0 0 1     ?              1          0      0 1     ? 
   2840.000  +0                           0 0 0 1     ?              0          0      0 1     ? 
   2860.000  +0                           1 0 0 1     ?              1          0      0 1     ? 
   2880.000  +0                           0 0 0 1     ?              0          0      0 1     ? 
   2900.000  +0                           1 0 0 1     ?              1          0      0 1     ? 
   2920.000  +0                           0 0 0 1     ?              0          0      0 1     ? 
   2940.000  +0                           1 0 0 1     ?              1          0      0 1     ? 
   2960.000  +0                           0 0 0 1     ?              0          0      0 1     ? 
   2980.000  +0                           1 0 0 1     ?              1          0      0 1     ? 
   3000.000  +0                           0 0 0 1     ?              0          0      0 1     ? 
   3020.000  +0                           1 0 0 1     ?              1          0      0 1     ? 
   3030.000  +0                           1 0 0 0     ?              1          0      0 0     ? 
   3040.000  +0                           0 0 0 0     ?              0          0      0 0     ? 
   3060.000  +0                           1 0 0 0     ?              1          0      0 0     ? 
   3080.000  +0                           0 0 0 0     ?              0          0      0 0     ? 
   3100.000  +0                           1 0 0 0     ?              1          0      0 0     ? 
   3120.000  +0                           0 0 0 0     ?              0          0      0 0     ? 
   3140.000  +0                           1 0 0 0     ?              1          0      0 0     ? 
   3160.000  +0                           0 0 0 0     ?              0          0      0 0     ? 
   3180.000  +0                           1 0 0 0     ?              1          0      0 0     ? 
   3200.000  +0                           0 0 0 0     ?              0          0      0 0     ? 
   3220.000  +0                           1 0 0 0     ?              1          0      0 0     ? 
   3240.000  +0                           0 0 0 0     ?              0          0      0 0     ? 
   3260.000  +0                           1 0 0 0     ?              1          0      0 0     ? 
   3280.000  +0                           0 0 0 0     ?              0          0      0 0     ? 
   3300.000  +0                           1 0 0 0     ?              1          0      0 0     ? 
   3320.000  +0                           0 0 0 0     ?              0          0      0 0     ? 
   3340.000  +0                           1 0 0 0     ?              1          0      0 0     ? 
   3360.000  +0                           0 0 0 0     ?              0          0      0 0     ? 
   3380.000  +0                           1 0 0 0     ?              1          0      0 0     ? 
   3400.000  +0                           0 0 0 0     ?              0          0      0 0     ? 
   3420.000  +0                           1 0 0 0     ?              1          0      0 0     ? 
   3440.000  +0                           0 0 0 0     ?              0          0      0 0     ? 
   3460.000  +0                           1 0 0 0     ?              1          0      0 0     ? 
   3480.000  +0                           0 0 0 0     ?              0          0      0 0     ? 
   3500.000  +0                           1 0 0 0     ?              1          0      0 0     ? 
   3520.000  +0                           0 0 0 0     ?              0          0      0 0     ? 
   3535.000  +0                           0 0 0 1     ?              0          0      0 1     ? 
   3540.000  +0                           1 0 0 1     ?              1          0      0 1     ? 
   3560.000  +0                           0 0 0 1     ?              0          0      0 1     ? 
   3580.000  +0                           1 0 0 1     ?              1          0      0 1     ? 
   3600.000  +0                           0 0 0 1     ?              0          0      0 1     ? 
   3620.000  +0                           1 0 0 1     ?              1          0      0 1     ? 
   3640.000  +0                           0 0 0 1     ?              0          0      0 1     ? 
   3660.000  +0                           1 0 0 1     ?              1          0      0 1     ? 
   3680.000  +0                           0 0 0 1     ?              0          0      0 1     ? 
   3700.000  +0                           1 0 0 1     ?              1          0      0 1     ? 
   3720.000  +0                           0 0 0 1     ?              0          0      0 1     ? 
   3740.000  +0                           1 0 0 1     ?              1          0      0 1     ? 
   3760.000  +0                           0 0 0 1     ?              0          0      0 1     ? 
   3780.000  +0                           1 0 0 1     ?              1          0      0 1     ? 
   3800.000  +0                           0 0 0 1     ?              0          0      0 1     ? 
   3820.000  +0                           1 0 0 1     ?              1          0      0 1     ? 
   3840.000  +0                           0 0 0 1     ?              0          0      0 1     ? 
   3860.000  +0                           1 0 0 1     ?              1          0      0 1     ? 
   3880.000  +0                           0 0 0 1     ?              0          0      0 1     ? 
   3900.000  +0                           1 0 0 1     ?              1          0      0 1     ? 
   3920.000  +0                           0 0 0 1     ?              0          0      0 1     ? 
   3940.000  +0                           1 0 0 1     ?              1          0      0 1     ? 
   3960.000  +0                           0 0 0 1     ?              0          0      0 1     ? 
   3980.000  +0                           1 0 0 1     ?              1          0      0 1     ? 
   4000.000  +0                           0 0 0 1     ?              0          0      0 1     ? 
   4020.000  +0                           1 0 0 1     ?              1          0      0 1     ? 
   4040.000  +0                           0 0 0 0     ?              0          0      0 0     ? 
   4060.000  +0                           1 0 0 0     ?              1          0      0 0     ? 
   4080.000  +0                           0 0 0 0     ?              0          0      0 0     ? 
   4100.000  +0                           1 0 0 0     ?              1          0      0 0     ? 
   4120.000  +0                           0 0 0 0     ?              0          0      0 0     ? 
   4140.000  +0                           1 0 0 0     ?              1          0      0 0     ? 
   4160.000  +0                           0 0 0 0     ?              0          0      0 0     ? 
   4180.000  +0                           1 0 0 0     ?              1          0      0 0     ? 
   4200.000  +0                           0 0 0 0     ?              0          0      0 0     ? 
   4220.000  +0                           1 0 0 0     ?              1          0      0 0     ? 
   4240.000  +0                           0 0 0 0     ?              0          0      0 0     ? 
   4260.000  +0                           1 0 0 0     ?              1          0      0 0     ? 
   4280.000  +0                           0 0 0 0     ?              0          0      0 0     ? 
   4300.000  +0                           1 0 0 0     ?              1          0      0 0     ? 
   4320.000  +0                           0 0 0 0     ?              0          0      0 0     ? 
   4340.000  +0                           1 0 0 0     ?              1          0      0 0     ? 
   4360.000  +0                           0 0 0 0     ?              0          0      0 0     ? 
   4380.000  +0                           1 0 0 0     ?              1          0      0 0     ? 
   4400.000  +0                           0 0 0 0     ?              0          0      0 0     ? 
   4420.000  +0                           1 0 0 0     ?              1          0      0 0     ? 
   4440.000  +0                           0 0 0 0     ?              0          0      0 0     ? 
   4460.000  +0                           1 0 0 0     ?              1          0      0 0     ? 
   4480.000  +0                           0 0 0 0     ?              0          0      0 0     ? 
   4500.000  +0                           1 0 0 0     ?              1          0      0 0     ? 
   4520.000  +0                           0 0 0 0     ?              0          0      0 0     ? 
   4540.000  +0                           1 0 0 0     ?              1          0      0 0     ? 
   4545.000  +0                           1 0 0 1     ?              1          0      0 1     ? 
   4560.000  +0                           0 0 0 1     ?              0          0      0 1     ? 
   4580.000  +0                           1 0 0 1     ?              1          0      0 1     ? 
   4600.000  +0                           0 0 0 1     ?              0          0      0 1     ? 
   4620.000  +0                           1 0 0 1     ?              1          0      0 1     ? 
   4640.000  +0                           0 0 0 1     ?              0          0      0 1     ? 
   4660.000  +0                           1 0 0 1     ?              1          0      0 1     ? 
   4680.000  +0                           0 0 0 1     ?              0          0      0 1     ? 
   4700.000  +0                           1 0 0 1     ?              1          0      0 1     ? 
   4720.000  +0                           0 0 0 1     ?              0          0      0 1     ? 
   4740.000  +0                           1 0 0 1     ?              1          0      0 1     ? 
   4760.000  +0                           0 0 0 1     ?              0          0      0 1     ? 
   4780.000  +0                           1 0 0 1     ?              1          0      0 1     ? 
   4800.000  +0                           0 0 0 1     ?              0          0      0 1     ? 
   4820.000  +0                           1 0 0 1     ?              1          0      0 1     ? 
   4840.000  +0                           0 0 0 1     ?              0          0      0 1     ? 
   4860.000  +0                           1 0 0 1     ?              1          0      0 1     ? 
   4880.000  +0                           0 0 0 1     ?              0          0      0 1     ? 
   4900.000  +0                           1 0 0 1     ?              1          0      0 1     ? 
   4920.000  +0                           0 0 0 1     ?              0          0      0 1     ? 
   4940.000  +0                           1 0 0 1     ?              1          0      0 1     ? 
   4960.000  +0                           0 0 0 1     ?              0          0      0 1     ? 
   4980.000  +0                           1 0 0 1     ?              1          0      0 1     ? 
   5000.000  +0                           0 0 0 1     ?              0          0      0 1     ? 
   5020.000  +0                           1 0 0 1     ?              1          0      0 1     ? 
   5040.000  +0                           0 0 0 1     ?              0          0      0 1     ? 
   5050.000  +0                           0 0 0 0     ?              0          0      0 0     ? 
   5060.000  +0                           1 0 0 0     ?              1          0      0 0     ? 
   5080.000  +0                           0 0 0 0     ?              0          0      0 0     ? 
   5100.000  +0                           1 0 0 0     ?              1          0      0 0     ? 
   5120.000  +0                           0 0 0 0     ?              0          0      0 0     ? 
   5140.000  +0                           1 0 0 0     ?              1          0      0 0     ? 
   5160.000  +0                           0 0 0 0     ?              0          0      0 0     ? 
   5180.000  +0                           1 0 0 0     ?              1          0      0 0     ? 
   5200.000  +0                           0 0 0 0     ?              0          0      0 0     ? 
   5220.000  +0                           1 0 0 0     ?              1          0      0 0     ? 
   5240.000  +0                           0 0 0 0     ?              0          0      0 0     ? 
   5260.000  +0                           1 0 0 0     ?              1          0      0 0     ? 
   5280.000  +0                           0 0 0 0     ?              0          0      0 0     ? 
   5300.000  +0                           1 0 0 0     ?              1          0      0 0     ? 
   5320.000  +0                           0 0 0 0     ?              0          0      0 0     ? 
   5340.000  +0                           1 0 0 0     ?              1          0      0 0     ? 
   5360.000  +0                           0 0 0 0     ?              0          0      0 0     ? 
   5380.000  +0                           1 0 0 0     ?              1          0      0 0     ? 
   5400.000  +0                           0 0 0 0     ?              0          0      0 0     ? 
   5420.000  +0                           1 0 0 0     ?              1          0      0 0     ? 
   5440.000  +0                           0 0 0 0     ?              0          0      0 0     ? 
   5460.000  +0                           1 0 0 0     ?              1          0      0 0     ? 
   5480.000  +0                           0 0 0 0     ?              0          0      0 0     ? 
   5500.000  +0                           1 0 0 0     ?              1          0      0 0     ? 
   5520.000  +0                           0 0 0 0     ?              0          0      0 0     ? 
   5540.000  +0                           1 0 0 0     ?              1          0      0 0     ? 
   5555.000  +0                           1 0 0 1     ?              1          0      0 1     ? 
   5560.000  +0                           0 0 0 1     ?              0          0      0 1     ? 
   5580.000  +0                           1 0 0 1     ?              1          0      0 1     ? 
   5600.000  +0                           0 0 0 1     ?              0          0      0 1     ? 
   5620.000  +0                           1 0 0 1     ?              1          0      0 1     ? 
   5640.000  +0                           0 0 0 1     ?              0          0      0 1     ? 
   5660.000  +0                           1 0 0 1     ?              1          0      0 1     ? 
   5680.000  +0                           0 0 0 1     ?              0          0      0 1     ? 
   5700.000  +0                           1 0 0 1     ?              1          0      0 1     ? 
   5720.000  +0                           0 0 0 1     ?              0          0      0 1     ? 
   5740.000  +0                           1 0 0 1     ?              1          0      0 1     ? 
   5760.000  +0                           0 0 0 1     ?              0          0      0 1     ? 
   5780.000  +0                           1 0 0 1     ?              1          0      0 1     ? 
   5800.000  +0                           0 0 0 1     ?              0          0      0 1     ? 
   5820.000  +0                           1 0 0 1     ?              1          0      0 1     ? 
   5840.000  +0                           0 0 0 1     ?              0          0      0 1     ? 
   5860.000  +0                           1 0 0 1     ?              1          0      0 1     ? 
   5880.000  +0                           0 0 0 1     ?              0          0      0 1     ? 
   5900.000  +0                           1 0 0 1     ?              1          0      0 1     ? 
   5920.000  +0                           0 0 0 1     ?              0          0      0 1     ? 
   5940.000  +0                           1 0 0 1     ?              1          0      0 1     ? 
   5960.000  +0                           0 0 0 1     ?              0          0      0 1     ? 
   5980.000  +0                           1 0 0 1     ?              1          0      0 1     ? 
   6000.000  +0                           0 0 0 1     ?              0          0      0 1     ? 
   6020.000  +0                           1 0 0 1     ?              1          0      0 1     ? 
   6040.000  +0                           0 0 0 1     ?              0          0      0 1     ? 
   6060.000  +0                           1 0 0 0     ?              1          0      0 0     ? 
   6080.000  +0                           0 0 0 0     ?              0          0      0 0     ? 
   6100.000  +0                           1 0 0 0     ?              1          0      0 0     ? 
   6120.000  +0                           0 0 0 0     ?              0          0      0 0     ? 
   6140.000  +0                           1 0 0 0     ?              1          0      0 0     ? 
   6160.000  +0                           0 0 0 0     ?              0          0      0 0     ? 
   6180.000  +0                           1 0 0 0     ?              1          0      0 0     ? 
   6200.000  +0                           0 0 0 0     ?              0          0      0 0     ? 
   6220.000  +0                           1 0 0 0     ?              1          0      0 0     ? 
   6240.000  +0                           0 0 0 0     ?              0          0      0 0     ? 
   6260.000  +0                           1 0 0 0     ?              1          0      0 0     ? 
   6280.000  +0                           0 0 0 0     ?              0          0      0 0     ? 
   6300.000  +0                           1 0 0 0     ?              1          0      0 0     ? 
   6320.000  +0                           0 0 0 0     ?              0          0      0 0     ? 
   6340.000  +0                           1 0 0 0     ?              1          0      0 0     ? 
   6360.000  +0                           0 0 0 0     ?              0          0      0 0     ? 
   6380.000  +0                           1 0 0 0     ?              1          0      0 0     ? 
   6400.000  +0                           0 0 0 0     ?              0          0      0 0     ? 
   6420.000  +0                           1 0 0 0     ?              1          0      0 0     ? 
   6440.000  +0                           0 0 0 0     ?              0          0      0 0     ? 
   6460.000  +0                           1 0 0 0     ?              1          0      0 0     ? 
   6480.000  +0                           0 0 0 0     ?              0          0      0 0     ? 
   6500.000  +0                           1 0 0 0     ?              1          0      0 0     ? 
   6520.000  +0                           0 0 0 0     ?              0          0      0 0     ? 
   6540.000  +0                           1 0 0 0     ?              1          0      0 0     ? 
   6560.000  +0                           0 0 0 0     ?              0          0      0 0     ? 
   6565.000  +0                           0 0 0 1     ?              0          0      0 1     ? 
   6580.000  +0                           1 0 0 1     ?              1          0      0 1     ? 
   6600.000  +0                           0 0 0 1     ?              0          0      0 1     ? 
   6620.000  +0                           1 0 0 1     ?              1          0      0 1     ? 
   6640.000  +0                           0 0 0 1     ?              0          0      0 1     ? 
   6660.000  +0                           1 0 0 1     ?              1          0      0 1     ? 
   6680.000  +0                           0 0 0 1     ?              0          0      0 1     ? 
   6700.000  +0                           1 0 0 1     ?              1          0      0 1     ? 
   6720.000  +0                           0 0 0 1     ?              0          0      0 1     ? 
   6740.000  +0                           1 0 0 1     ?              1          0      0 1     ? 
   6760.000  +0                           0 0 0 1     ?              0          0      0 1     ? 
   6780.000  +0                           1 0 0 1     ?              1          0      0 1     ? 
   6800.000  +0                           0 0 0 1     ?              0          0      0 1     ? 
   6820.000  +0                           1 0 0 1     ?              1          0      0 1     ? 
   6840.000  +0                           0 0 0 1     ?              0          0      0 1     ? 
   6860.000  +0                           1 0 0 1     ?              1          0      0 1     ? 
   6880.000  +0                           0 0 0 1     ?              0          0      0 1     ? 
   6900.000  +0                           1 0 0 1     ?              1          0      0 1     ? 
   6920.000  +0                           0 0 0 1     ?              0          0      0 1     ? 
   6940.000  +0                           1 0 0 1     ?              1          0      0 1     ? 
   6960.000  +0                           0 0 0 1     ?              0          0      0 1     ? 
   6980.000  +0                           1 0 0 1     ?              1          0      0 1     ? 
   7000.000  +0                           0 0 0 1     ?              0          0      0 1     ? 
   7020.000  +0                           1 0 0 1     ?              1          0      0 1     ? 
   7040.000  +0                           0 0 0 1     ?              0          0      0 1     ? 
   7060.000  +0                           1 0 0 1     ?              1          0      0 1     ? 
   7070.000  +0                           1 0 0 0     ?              1          0      0 0     ? 
   7080.000  +0                           0 0 0 0     ?              0          0      0 0     ? 
   7100.000  +0                           1 0 0 0     ?              1          0      0 0     ? 
   7120.000  +0                           0 0 0 0     ?              0          0      0 0     ? 
   7140.000  +0                           1 0 0 0     ?              1          0      0 0     ? 
   7160.000  +0                           0 0 0 0     ?              0          0      0 0     ? 
   7180.000  +0                           1 0 0 0     ?              1          0      0 0     ? 
   7200.000  +0                           0 0 0 0     ?              0          0      0 0     ? 
   7220.000  +0                           1 0 0 0     ?              1          0      0 0     ? 
   7240.000  +0                           0 0 0 0     ?              0          0      0 0     ? 
   7260.000  +0                           1 0 0 0     ?              1          0      0 0     ? 
   7280.000  +0                           0 0 0 0     ?              0          0      0 0     ? 
   7300.000  +0                           1 0 0 0     ?              1          0      0 0     ? 
   7320.000  +0                           0 0 0 0     ?              0          0      0 0     ? 
   7340.000  +0                           1 0 0 0     ?              1          0      0 0     ? 
   7360.000  +0                           0 0 0 0     ?              0          0      0 0     ? 
   7380.000  +0                           1 0 0 0     ?              1          0      0 0     ? 
   7400.000  +0                           0 0 0 0     ?              0          0      0 0     ? 
   7420.000  +0                           1 0 0 0     ?              1          0      0 0     ? 
   7440.000  +0                           0 0 0 0     ?              0          0      0 0     ? 
   7460.000  +0                           1 0 0 0     ?              1          0      0 0     ? 
   7480.000  +0                           0 0 0 0     ?              0          0      0 0     ? 
   7500.000  +0                           1 0 0 0     ?              1          0      0 0     ? 
   7520.000  +0                           0 0 0 0     ?              0          0      0 0     ? 
   7540.000  +0                           1 0 0 0     ?              1          0      0 0     ? 
   7560.000  +0                           0 0 0 0     ?              0          0      0 0     ? 
   7575.000  +0                           0 0 0 1     ?              0          0      0 1     ? 
   7580.000  +0                           1 0 0 1     ?              1          0      0 1     ? 
   7600.000  +0                           0 0 0 1     ?              0          0      0 1     ? 
   7620.000  +0                           1 0 0 1     ?              1          0      0 1     ? 
   7640.000  +0                           0 0 0 1     ?              0          0      0 1     ? 
   7660.000  +0                           1 0 0 1     ?              1          0      0 1     ? 
   7680.000  +0                           0 0 0 1     ?              0          0      0 1     ? 
   7700.000  +0                           1 0 0 1     ?              1          0      0 1     ? 
   7720.000  +0                           0 0 0 1     ?              0          0      0 1     ? 
   7740.000  +0                           1 0 0 1     ?              1          0      0 1     ? 
   7760.000  +0                           0 0 0 1     ?              0          0      0 1     ? 
   7780.000  +0                           1 0 0 1     ?              1          0      0 1     ? 
   7800.000  +0                           0 0 0 1     ?              0          0      0 1     ? 
   7820.000  +0                           1 0 0 1     ?              1          0      0 1     ? 
   7840.000  +0                           0 0 0 1     ?              0          0      0 1     ? 
   7860.000  +0                           1 0 0 1     ?              1          0      0 1     ? 
   7880.000  +0                           0 0 0 1     ?              0          0      0 1     ? 
   7900.000  +0                           1 0 0 1     ?              1          0      0 1     ? 
   7920.000  +0                           0 0 0 1     ?              0          0      0 1     ? 
   7940.000  +0                           1 0 0 1     ?              1          0      0 1     ? 
   7960.000  +0                           0 0 0 1     ?              0          0      0 1     ? 
   7980.000  +0                           1 0 0 1     ?              1          0      0 1     ? 
   8000.000  +0                           0 0 0 1     ?              0          0      0 1     ? 
   8020.000  +0                           1 0 0 1     ?              1          0      0 1     ? 
   8040.000  +0                           0 0 0 1     ?              0          0      0 1     ? 
   8060.000  +0                           1 0 0 1     ?              1          0      0 1     ? 
   8080.000  +0                           0 0 0 0     ?              0          0      0 0     ? 
   8100.000  +0                           1 0 0 0     ?              1          0      0 0     ? 
   8120.000  +0                           0 0 0 0     ?              0          0      0 0     ? 
   8140.000  +0                           1 0 0 0     ?              1          0      0 0     ? 
   8160.000  +0                           0 0 0 0     ?              0          0      0 0     ? 
   8180.000  +0                           1 0 0 0     ?              1          0      0 0     ? 
   8200.000  +0                           0 0 0 0     ?              0          0      0 0     ? 
   8220.000  +0                           1 0 0 0     ?              1          0      0 0     ? 
   8240.000  +0                           0 0 0 0     ?              0          0      0 0     ? 
   8260.000  +0                           1 0 0 0     ?              1          0      0 0     ? 
   8280.000  +0                           0 0 0 0     ?              0          0      0 0     ? 
   8300.000  +0                           1 0 0 0     ?              1          0      0 0     ? 
   8320.000  +0                           0 0 0 0     ?              0          0      0 0     ? 
   8340.000  +0                           1 0 0 0     ?              1          0      0 0     ? 
   8360.000  +0                           0 0 0 0     ?              0          0      0 0     ? 
   8380.000  +0                           1 0 0 0     ?              1          0      0 0     ? 
   8400.000  +0                           0 0 0 0     ?              0          0      0 0     ? 
   8420.000  +0                           1 0 0 0     ?              1          0      0 0     ? 
   8440.000  +0                           0 0 0 0     ?              0          0      0 0     ? 
   8460.000  +0                           1 0 0 0     ?              1          0      0 0     ? 
   8480.000  +0                           0 0 0 0     ?              0          0      0 0     ? 
   8500.000  +0                           1 0 0 0     ?              1          0      0 0     ? 
   8520.000  +0                           0 0 0 0     ?              0          0      0 0     ? 
   8540.000  +0                           1 0 0 0     ?              1          0      0 0     ? 
   8560.000  +0                           0 0 0 0     ?              0          0      0 0     ? 
   8580.000  +0                           1 0 0 0     ?              1          0      0 0     ? 
   8585.000  +0                           1 0 0 1     ?              1          0      0 1     ? 
   8600.000  +0                           0 0 0 1     ?              0          0      0 1     ? 
   8620.000  +0                           1 0 0 1     ?              1          0      0 1     ? 
   8640.000  +0                           0 0 0 1     ?              0          0      0 1     ? 
   8660.000  +0                           1 0 0 1     ?              1          0      0 1     ? 
   8680.000  +0                           0 0 0 1     ?              0          0      0 1     ? 
   8700.000  +0                           1 0 0 1     ?              1          0      0 1     ? 
   8720.000  +0                           0 0 0 1     ?              0          0      0 1     ? 
   8740.000  +0                           1 0 0 1     ?              1          0      0 1     ? 
   8760.000  +0                           0 0 0 1     ?              0          0      0 1     ? 
   8780.000  +0                           1 0 0 1     ?              1          0      0 1     ? 
   8800.000  +0                           0 0 0 1     ?              0          0      0 1     ? 
   8820.000  +0                           1 0 0 1     ?              1          0      0 1     ? 
   8840.000  +0                           0 0 0 1     ?              0          0      0 1     ? 
   8860.000  +0                           1 0 0 1     ?              1          0      0 1     ? 
   8880.000  +0                           0 0 0 1     ?              0          0      0 1     ? 
   8900.000  +0                           1 0 0 1     ?              1          0      0 1     ? 
   8920.000  +0                           0 0 0 1     ?              0          0      0 1     ? 
   8940.000  +0                           1 0 0 1     ?              1          0      0 1     ? 
   8960.000  +0                           0 0 0 1     ?              0          0      0 1     ? 
   8980.000  +0                           1 0 0 1     ?              1          0      0 1     ? 
   9000.000  +0                           0 0 0 1     ?              0          0      0 1     ? 
   9020.000  +0                           1 0 0 1     ?              1          0      0 1     ? 
   9040.000  +0                           0 0 0 1     ?              0          0      0 1     ? 
   9060.000  +0                           1 0 0 1     ?              1          0      0 1     ? 
   9080.000  +0                           0 0 0 1     ?              0          0      0 1     ? 
   9090.000  +0                           0 0 0 0     ?              0          0      0 0     ? 
   9100.000  +0                           1 0 0 0     ?              1          0      0 0     ? 
   9120.000  +0                           0 0 0 0     ?              0          0      0 0     ? 
   9140.000  +0                           1 0 0 0     ?              1          0      0 0     ? 
   9160.000  +0                           0 0 0 0     ?              0          0      0 0     ? 
   9180.000  +0                           1 0 0 0     ?              1          0      0 0     ? 
   9200.000  +0                           0 0 0 0     ?              0          0      0 0     ? 
   9220.000  +0                           1 0 0 0     ?              1          0      0 0     ? 
   9240.000  +0                           0 0 0 0     ?              0          0      0 0     ? 
   9260.000  +0                           1 0 0 0     ?              1          0      0 0     ? 
   9280.000  +0                           0 0 0 0     ?              0          0      0 0     ? 
   9300.000  +0                           1 0 0 0     ?              1          0      0 0     ? 
   9320.000  +0                           0 0 0 0     ?              0          0      0 0     ? 
   9340.000  +0                           1 0 0 0     ?              1          0      0 0     ? 
   9360.000  +0                           0 0 0 0     ?              0          0      0 0     ? 
   9380.000  +0                           1 0 0 0     ?              1          0      0 0     ? 
   9400.000  +0                           0 0 0 0     ?              0          0      0 0     ? 
   9420.000  +0                           1 0 0 0     ?              1          0      0 0     ? 
   9440.000  +0                           0 0 0 0     ?              0          0      0 0     ? 
   9460.000  +0                           1 0 0 0     ?              1          0      0 0     ? 
   9480.000  +0                           0 0 0 0     ?              0          0      0 0     ? 
   9500.000  +0                           1 0 0 0     ?              1          0      0 0     ? 
   9520.000  +0                           0 0 0 0     ?              0          0      0 0     ? 
   9540.000  +0                           1 0 0 0     ?              1          0      0 0     ? 
   9560.000  +0                           0 0 0 0     ?              0          0      0 0     ? 
   9580.000  +0                           1 0 0 0     ?              1          0      0 0     ? 
   9595.000  +0                           1 0 0 1     ?              1          0      0 1     ? 
   9600.000  +0                           0 0 0 1     ?              0          0      0 1     ? 
   9620.000  +0                           1 0 0 1     ?              1          0      0 1     ? 
   9640.000  +0                           0 0 0 1     ?              0          0      0 1     ? 
   9660.000  +0                           1 0 0 1     ?              1          0      0 1     ? 
   9680.000  +0                           0 0 0 1     ?              0          0      0 1     ? 
   9700.000  +0                           1 0 0 1     ?              1          0      0 1     ? 
   9720.000  +0                           0 0 0 1     ?              0          0      0 1     ? 
   9740.000  +0                           1 0 0 1     ?              1          0      0 1     ? 
   9760.000  +0                           0 0 0 1     ?              0          0      0 1     ? 
   9780.000  +0                           1 0 0 1     ?              1          0      0 1     ? 
   9800.000  +0                           0 0 0 1     ?              0          0      0 1     ? 
   9820.000  +0                           1 0 0 1     ?              1          0      0 1     ? 
   9840.000  +0                           0 0 0 1     ?              0          0      0 1     ? 
   9860.000  +0                           1 0 0 1     ?              1          0      0 1     ? 
   9880.000  +0                           0 0 0 1     ?              0          0      0 1     ? 
   9900.000  +0                           1 0 0 1     ?              1          0      0 1     ? 
   9920.000  +0                           0 0 0 1     ?              0          0      0 1     ? 
   9940.000  +0                           1 0 0 1     ?              1          0      0 1     ? 
   9960.000  +0                           0 0 0 1     ?              0          0      0 1     ? 
   9980.000  +0                           1 0 0 1     ?              1          0      0 1     ? 
  10000.000  +0                           0 0 0 1     ?              0          0      0 1     ? 
  10020.000  +0                           1 0 0 1     ?              1          0      0 1     ? 
  10040.000  +0                           0 0 0 1     ?              0          0      0 1     ? 
  10060.000  +0                           1 0 0 1     ?              1          0      0 1     ? 
  10080.000  +0                           0 0 0 1     ?              0          0      0 1     ? 
  10100.000  +0                           1 0 0 0     ?              1          0      0 0     ? 
  10120.000  +0                           0 0 0 0     ?              0          0      0 0     ? 
  10140.000  +0                           1 0 0 0     ?              1          0      0 0     ? 
  10160.000  +0                           0 0 0 0     ?              0          0      0 0     ? 
  10180.000  +0                           1 0 0 0     ?              1          0      0 0     ? 
  10200.000  +0                           0 0 0 0     ?              0          0      0 0     ? 
  10220.000  +0                           1 0 0 0     ?              1          0      0 0     ? 
  10240.000  +0                           0 0 0 0     ?              0          0      0 0     ? 
  10260.000  +0                           1 0 0 0     ?              1          0      0 0     ? 
  10280.000  +0                           0 0 0 0     ?              0          0      0 0     ? 
  10300.000  +0                           1 0 0 0     ?              1          0      0 0     ? 
  10320.000  +0                           0 0 0 0     ?              0          0      0 0     ? 
  10340.000  +0                           1 0 0 0     ?              1          0      0 0     ? 
  10360.000  +0                           0 0 0 0     ?              0          0      0 0     ? 
  10380.000  +0                           1 0 0 0     ?              1          0      0 0     ? 
  10400.000  +0                           0 0 0 0     ?              0          0      0 0     ? 
  10420.000  +0                           1 0 0 0     ?              1          0      0 0     ? 
  10440.000  +0                           0 0 0 0     ?              0          0      0 0     ? 
  10460.000  +0                           1 0 0 0     ?              1          0      0 0     ? 
  10480.000  +0                           0 0 0 0     ?              0          0      0 0     ? 
  10500.000  +0                           1 0 0 0     ?              1          0      0 0     ? 
  10520.000  +0                           0 0 0 0     ?              0          0      0 0     ? 
  10540.000  +0                           1 0 0 0     ?              1          0      0 0     ? 
  10560.000  +0                           0 0 0 0     ?              0          0      0 0     ? 
  10580.000  +0                           1 0 0 0     ?              1          0      0 0     ? 
  10600.000  +0                           0 0 0 0     ?              0          0      0 0     ? 
  10605.000  +0                           0 0 0 1     ?              0          0      0 1     ? 
  10620.000  +0                           1 0 0 1     ?              1          0      0 1     ? 
  10640.000  +0                           0 0 0 1     ?              0          0      0 1     ? 
  10660.000  +0                           1 0 0 1     ?              1          0      0 1     ? 
  10680.000  +0                           0 0 0 1     ?              0          0      0 1     ? 
  10700.000  +0                           1 0 0 1     ?              1          0      0 1     ? 
  10720.000  +0                           0 0 0 1     ?              0          0      0 1     ? 
  10740.000  +0                           1 0 0 1     ?              1          0      0 1     ? 
  10760.000  +0                           0 0 0 1     ?              0          0      0 1     ? 
  10780.000  +0                           1 0 0 1     ?              1          0      0 1     ? 
  10800.000  +0                           0 0 0 1     ?              0          0      0 1     ? 
  10820.000  +0                           1 0 0 1     ?              1          0      0 1     ? 
  10840.000  +0                           0 0 0 1     ?              0          0      0 1     ? 
  10860.000  +0                           1 0 0 1     ?              1          0      0 1     ? 
  10880.000  +0                           0 0 0 1     ?              0          0      0 1     ? 
  10900.000  +0                           1 0 0 1     ?              1          0      0 1     ? 
  10920.000  +0                           0 0 0 1     ?              0          0      0 1     ? 
  10940.000  +0                           1 0 0 1     ?              1          0      0 1     ? 
  10960.000  +0                           0 0 0 1     ?              0          0      0 1     ? 
  10980.000  +0                           1 0 0 1     ?              1          0      0 1     ? 
  11000.000  +0                           0 0 0 1     ?              0          0      0 1     ? 
  11020.000  +0                           1 0 0 1     ?              1          0      0 1     ? 
  11040.000  +0                           0 0 0 1     ?              0          0      0 1     ? 
  11060.000  +0                           1 0 0 1     ?              1          0      0 1     ? 
  11080.000  +0                           0 0 0 1     ?              0          0      0 1     ? 
  11100.000  +0                           1 0 0 1     ?              1          0      0 1     ? 
  11110.000  +0                           1 0 0 0     ?              1          0      0 0     ? 
  11120.000  +0                           0 0 0 0     ?              0          0      0 0     ? 
  11140.000  +0                           1 0 0 0     ?              1          0      0 0     ? 
  11160.000  +0                           0 0 0 0     ?              0          0      0 0     ? 
  11180.000  +0                           1 0 0 0     ?              1          0      0 0     ? 
  11200.000  +0                           0 0 0 0     ?              0          0      0 0     ? 
  11220.000  +0                           1 0 0 0     ?              1          0      0 0     ? 
  11240.000  +0                           0 0 0 0     ?              0          0      0 0     ? 
  11260.000  +0                           1 0 0 0     ?              1          0      0 0     ? 
  11280.000  +0                           0 0 0 0     ?              0          0      0 0     ? 
  11300.000  +0                           1 0 0 0     ?              1          0      0 0     ? 
  11320.000  +0                           0 0 0 0     ?              0          0      0 0     ? 
  11340.000  +0                           1 0 0 0     ?              1          0      0 0     ? 
  11360.000  +0                           0 0 0 0     ?              0          0      0 0     ? 
  11380.000  +0                           1 0 0 0     ?              1          0      0 0     ? 
  11400.000  +0                           0 0 0 0     ?              0          0      0 0     ? 
  11420.000  +0                           1 0 0 0     ?              1          0      0 0     ? 
  11440.000  +0                           0 0 0 0     ?              0          0      0 0     ? 
  11460.000  +0                           1 0 0 0     ?              1          0      0 0     ? 
  11480.000  +0                           0 0 0 0     ?              0          0      0 0     ? 
  11500.000  +0                           1 0 0 0     ?              1          0      0 0     ? 
  11520.000  +0                           0 0 0 0     ?              0          0      0 0     ? 
  11540.000  +0                           1 0 0 0     ?              1          0      0 0     ? 
  11560.000  +0                           0 0 0 0     ?              0          0      0 0     ? 
  11580.000  +0                           1 0 0 0     ?              1          0      0 0     ? 
  11600.000  +0                           0 0 0 0     ?              0          0      0 0     ? 
  11615.000  +0                           0 0 0 1     ?              0          0      0 1     ? 
  11620.000  +0                           1 0 0 1     ?              1          0      0 1     ? 
  11640.000  +0                           0 0 0 1     ?              0          0      0 1     ? 
  11660.000  +0                           1 0 0 1     ?              1          0      0 1     ? 
  11680.000  +0                           0 0 0 1     ?              0          0      0 1     ? 
  11700.000  +0                           1 0 0 1     ?              1          0      0 1     ? 
  11720.000  +0                           0 0 0 1     ?              0          0      0 1     ? 
  11740.000  +0                           1 0 0 1     ?              1          0      0 1     ? 
  11760.000  +0                           0 0 0 1     ?              0          0      0 1     ? 
  11780.000  +0                           1 0 0 1     ?              1          0      0 1     ? 
  11800.000  +0                           0 0 0 1     ?              0          0      0 1     ? 
  11820.000  +0                           1 0 0 1     ?              1          0      0 1     ? 
  11840.000  +0                           0 0 0 1     ?              0          0      0 1     ? 
  11860.000  +0                           1 0 0 1     ?              1          0      0 1     ? 
  11880.000  +0                           0 0 0 1     ?              0          0      0 1     ? 
  11900.000  +0                           1 0 0 1     ?              1          0      0 1     ? 
  11920.000  +0                           0 0 0 1     ?              0          0      0 1     ? 
  11940.000  +0                           1 0 0 1     ?              1          0      0 1     ? 
  11960.000  +0                           0 0 0 1     ?              0          0      0 1     ? 
  11980.000  +0                           1 0 0 1     ?              1          0      0 1     ? 
  12000.000  +0                           0 0 0 1     ?              0          0      0 1     ? 
  12020.000  +0                           1 0 0 1     ?              1          0      0 1     ? 
  12040.000  +0                           0 0 0 1     ?              0          0      0 1     ? 
  12060.000  +0                           1 0 0 1     ?              1          0      0 1     ? 
  12080.000  +0                           0 0 0 1     ?              0          0      0 1     ? 
  12100.000  +0                           1 0 0 1     ?              1          0      0 1     ? 
  12120.000  +0                           0 0 0 0     ?              0          0      0 0     ? 
  12140.000  +0                           1 0 0 0     ?              1          0      0 0     ? 
  12160.000  +0                           0 0 0 0     ?              0          0      0 0     ? 
  12180.000  +0                           1 0 0 0     ?              1          0      0 0     ? 
  12200.000  +0                           0 0 0 0     ?              0          0      0 0     ? 
  12220.000  +0                           1 0 0 0     ?              1          0      0 0     ? 
  12240.000  +0                           0 0 0 0     ?              0          0      0 0     ? 
  12260.000  +0                           1 0 0 0     ?              1          0      0 0     ? 
  12280.000  +0                           0 0 0 0     ?              0          0      0 0     ? 
  12300.000  +0                           1 0 0 0     ?              1          0      0 0     ? 
  12320.000  +0                           0 0 0 0     ?              0          0      0 0     ? 
  12340.000  +0                           1 0 0 0     ?              1          0      0 0     ? 
  12360.000  +0                           0 0 0 0     ?              0          0      0 0     ? 
  12380.000  +0                           1 0 0 0     ?              1          0      0 0     ? 
  12400.000  +0                           0 0 0 0     ?              0          0      0 0     ? 
  12420.000  +0                           1 0 0 0     ?              1          0      0 0     ? 
  12440.000  +0                           0 0 0 0     ?              0          0      0 0     ? 
  12460.000  +0                           1 0 0 0     ?              1          0      0 0     ? 
  12480.000  +0                           0 0 0 0     ?              0          0      0 0     ? 
  12500.000  +0                           1 0 0 0     ?              1          0      0 0     ? 
  12520.000  +0                           0 0 0 0     ?              0          0      0 0     ? 
  12540.000  +0                           1 0 0 0     ?              1          0      0 0     ? 
  12560.000  +0                           0 0 0 0     ?              0          0      0 0     ? 
  12580.000  +0                           1 0 0 0     ?              1          0      0 0     ? 
  12600.000  +0                           0 0 0 0     ?              0          0      0 0     ? 
  12620.000  +0                           1 0 0 0     ?              1          0      0 0     ? 
  12625.000  +0                           1 0 0 1     ?              1          0      0 1     ? 
  12640.000  +0                           0 0 0 1     ?              0          0      0 1     ? 
  12660.000  +0                           1 0 0 1     ?              1          0      0 1     ? 
  12680.000  +0                           0 0 0 1     ?              0          0      0 1     ? 
  12700.000  +0                           1 0 0 1     ?              1          0      0 1     ? 
  12720.000  +0                           0 0 0 1     ?              0          0      0 1     ? 
  12740.000  +0                           1 0 0 1     ?              1          0      0 1     ? 
  12760.000  +0                           0 0 0 1     ?              0          0      0 1     ? 
  12780.000  +0                           1 0 0 1     ?              1          0      0 1     ? 
  12800.000  +0                           0 0 0 1     ?              0          0      0 1     ? 
  12820.000  +0                           1 0 0 1     ?              1          0      0 1     ? 
  12840.000  +0                           0 0 0 1     ?              0          0      0 1     ? 
  12860.000  +0                           1 0 0 1     ?              1          0      0 1     ? 
  12880.000  +0                           0 0 0 1     ?              0          0      0 1     ? 
  12900.000  +0                           1 0 0 1     ?              1          0      0 1     ? 
  12920.000  +0                           0 0 0 1     ?              0          0      0 1     ? 
  12940.000  +0                           1 0 0 1     ?              1          0      0 1     ? 
  12960.000  +0                           0 0 0 1     ?              0          0      0 1     ? 
  12980.000  +0                           1 0 0 1     ?              1          0      0 1     ? 
  13000.000  +0                           0 0 0 1     ?              0          0      0 1     ? 
  13020.000  +0                           1 0 0 1     ?              1          0      0 1     ? 
  13040.000  +0                           0 0 0 1     ?              0          0      0 1     ? 
  13060.000  +0                           1 0 0 1     ?              1          0      0 1     ? 
  13080.000  +0                           0 0 0 1     ?              0          0      0 1     ? 
  13100.000  +0                           1 0 0 1     ?              1          0      0 1     ? 
  13120.000  +0                           0 0 0 1     ?              0          0      0 1     ? 
  13130.000  +0                           0 0 0 0     ?              0          0      0 0     ? 
  13140.000  +0                           1 0 0 0     ?              1          0      0 0     ? 
  13160.000  +0                           0 0 0 0     ?              0          0      0 0     ? 
  13180.000  +0                           1 0 0 0     ?              1          0      0 0     ? 
  13200.000  +0                           0 0 0 0     ?              0          0      0 0     ? 
  13220.000  +0                           1 0 0 0     ?              1          0      0 0     ? 
  13240.000  +0                           0 0 0 0     ?              0          0      0 0     ? 
  13260.000  +0                           1 0 0 0     ?              1          0      0 0     ? 
  13280.000  +0                           0 0 0 0     ?              0          0      0 0     ? 
  13300.000  +0                           1 0 0 0     ?              1          0      0 0     ? 
  13320.000  +0                           0 0 0 0     ?              0          0      0 0     ? 
  13340.000  +0                           1 0 0 0     ?              1          0      0 0     ? 
  13360.000  +0                           0 0 0 0     ?              0          0      0 0     ? 
  13380.000  +0                           1 0 0 0     ?              1          0      0 0     ? 
  13400.000  +0                           0 0 0 0     ?              0          0      0 0     ? 
  13420.000  +0                           1 0 0 0     ?              1          0      0 0     ? 
  13440.000  +0                           0 0 0 0     ?              0          0      0 0     ? 
  13460.000  +0                           1 0 0 0     ?              1          0      0 0     ? 
  13480.000  +0                           0 0 0 0     ?              0          0      0 0     ? 
  13500.000  +0                           1 0 0 0     ?              1          0      0 0     ? 
  13520.000  +0                           0 0 0 0     ?              0          0      0 0     ? 
  13540.000  +0                           1 0 0 0     ?              1          0      0 0     ? 
  13560.000  +0                           0 0 0 0     ?              0          0      0 0     ? 
  13580.000  +0                           1 0 0 0     ?              1          0      0 0     ? 
  13600.000  +0                           0 0 0 0     ?              0          0      0 0     ? 
  13620.000  +0                           1 0 0 0     ?              1          0      0 0     ? 
  13635.000  +0                           1 0 0 1     ?              1          0      0 1     ? 
  13640.000  +0                           0 0 0 1     ?              0          0      0 1     ? 
  13660.000  +0                           1 0 0 1     ?              1          0      0 1     ? 
  13680.000  +0                           0 0 0 1     ?              0          0      0 1     ? 
  13700.000  +0                           1 0 0 1     ?              1          0      0 1     ? 
  13720.000  +0                           0 0 0 1     ?              0          0      0 1     ? 
  13740.000  +0                           1 0 0 1     ?              1          0      0 1     ? 
  13760.000  +0                           0 0 0 1     ?              0          0      0 1     ? 
  13780.000  +0                           1 0 0 1     ?              1          0      0 1     ? 
  13800.000  +0                           0 0 0 1     ?              0          0      0 1     ? 
  13820.000  +0                           1 0 0 1     ?              1          0      0 1     ? 
  13840.000  +0                           0 0 0 1     ?              0          0      0 1     ? 
  13860.000  +0                           1 0 0 1     ?              1          0      0 1     ? 
  13880.000  +0                           0 0 0 1     ?              0          0      0 1     ? 
  13900.000  +0                           1 0 0 1     ?              1          0      0 1     ? 
  13920.000  +0                           0 0 0 1     ?              0          0      0 1     ? 
  13940.000  +0                           1 0 0 1     ?              1          0      0 1     ? 
  13960.000  +0                           0 0 0 1     ?              0          0      0 1     ? 
  13980.000  +0                           1 0 0 1     ?              1          0      0 1     ? 
  14000.000  +0                           0 0 0 1     ?              0          0      0 1     ? 
  14020.000  +0                           1 0 0 1     ?              1          0      0 1     ? 
  14040.000  +0                           0 0 0 1     ?              0          0      0 1     ? 
  14060.000  +0                           1 0 0 1     ?              1          0      0 1     ? 
  14080.000  +0                           0 0 0 1     ?              0          0      0 1     ? 
  14100.000  +0                           1 0 0 1     ?              1          0      0 1     ? 
  14120.000  +0                           0 0 0 1     ?              0          0      0 1     ? 
  14140.000  +0                           1 0 0 0     ?              1          0      0 0     ? 
  14160.000  +0                           0 0 0 0     ?              0          0      0 0     ? 
  14180.000  +0                           1 0 0 0     ?              1          0      0 0     ? 
  14200.000  +0                           0 0 0 0     ?              0          0      0 0     ? 
  14220.000  +0                           1 0 0 0     ?              1          0      0 0     ? 
  14240.000  +0                           0 0 0 0     ?              0          0      0 0     ? 
  14260.000  +0                           1 0 0 0     ?              1          0      0 0     ? 
  14280.000  +0                           0 0 0 0     ?              0          0      0 0     ? 
  14300.000  +0                           1 0 0 0     ?              1          0      0 0     ? 
  14320.000  +0                           0 0 0 0     ?              0          0      0 0     ? 
  14340.000  +0                           1 0 0 0     ?              1          0      0 0     ? 
  14360.000  +0                           0 0 0 0     ?              0          0      0 0     ? 
  14380.000  +0                           1 0 0 0     ?              1          0      0 0     ? 
  14400.000  +0                           0 0 0 0     ?              0          0      0 0     ? 
  14420.000  +0                           1 0 0 0     ?              1          0      0 0     ? 
  14440.000  +0                           0 0 0 0     ?              0          0      0 0     ? 
  14460.000  +0                           1 0 0 0     ?              1          0      0 0     ? 
  14480.000  +0                           0 0 0 0     ?              0          0      0 0     ? 
  14500.000  +0                           1 0 0 0     ?              1          0      0 0     ? 
  14520.000  +0                           0 0 0 0     ?              0          0      0 0     ? 
  14540.000  +0                           1 0 0 0     ?              1          0      0 0     ? 
  14560.000  +0                           0 0 0 0     ?              0          0      0 0     ? 
  14580.000  +0                           1 0 0 0     ?              1          0      0 0     ? 
  14600.000  +0                           0 0 0 0     ?              0          0      0 0     ? 
  14620.000  +0                           1 0 0 0     ?              1          0      0 0     ? 
  14640.000  +0                           0 0 0 0     ?              0          0      0 0     ? 
  14645.000  +0                           0 0 0 1     ?              0          0      0 1     ? 
  14660.000  +0                           1 0 0 1     ?              1          0      0 1     ? 
  14680.000  +0                           0 0 0 1     ?              0          0      0 1     ? 
  14700.000  +0                           1 0 0 1     ?              1          0      0 1     ? 
  14720.000  +0                           0 0 0 1     ?              0          0      0 1     ? 
  14740.000  +0                           1 0 0 1     ?              1          0      0 1     ? 
  14760.000  +0                           0 0 0 1     ?              0          0      0 1     ? 
  14780.000  +0                           1 0 0 1     ?              1          0      0 1     ? 
  14800.000  +0                           0 0 0 1     ?              0          0      0 1     ? 
  14820.000  +0                           1 0 0 1     ?              1          0      0 1     ? 
  14840.000  +0                           0 0 0 1     ?              0          0      0 1     ? 
  14860.000  +0                           1 0 0 1     ?              1          0      0 1     ? 
  14880.000  +0                           0 0 0 1     ?              0          0      0 1     ? 
  14900.000  +0                           1 0 0 1     ?              1          0      0 1     ? 
  14920.000  +0                           0 0 0 1     ?              0          0      0 1     ? 
  14940.000  +0                           1 0 0 1     ?              1          0      0 1     ? 
  14960.000  +0                           0 0 0 1     ?              0          0      0 1     ? 
  14980.000  +0                           1 0 0 1     ?              1          0      0 1     ? 
  15000.000  +0                           0 0 0 1     ?              0          0      0 1     ? 
  15020.000  +0                           1 0 0 1     ?              1          0      0 1     ? 
  15040.000  +0                           0 0 0 1     ?              0          0      0 1     ? 
  15060.000  +0                           1 0 0 1     ?              1          0      0 1     ? 
  15080.000  +0                           0 0 0 1     ?              0          0      0 1     ? 
  15100.000  +0                           1 0 0 1     ?              1          0      0 1     ? 
  15120.000  +0                           0 0 0 1     ?              0          0      0 1     ? 
  15140.000  +0                           1 0 0 1     ?              1          0      0 1     ? 
  15150.000  +0                           1 0 0 0     ?              1          0      0 0     ? 
  15160.000  +0                           0 0 0 0     ?              0          0      0 0     ? 
  15180.000  +0                           1 0 0 0     ?              1          0      0 0     ? 
  15200.000  +0                           0 0 0 0     ?              0          0      0 0     ? 
  15220.000  +0                           1 0 0 0     ?              1          0      0 0     ? 
  15240.000  +0                           0 0 0 0     ?              0          0      0 0     ? 
  15260.000  +0                           1 0 0 0     ?              1          0      0 0     ? 
  15280.000  +0                           0 0 0 0     ?              0          0      0 0     ? 
  15300.000  +0                           1 0 0 0     ?              1          0      0 0     ? 
  15320.000  +0                           0 0 0 0     ?              0          0      0 0     ? 
  15340.000  +0                           1 0 0 0     ?              1          0      0 0     ? 
  15360.000  +0                           0 0 0 0     ?              0          0      0 0     ? 
  15380.000  +0                           1 0 0 0     ?              1          0      0 0     ? 
  15400.000  +0                           0 0 1 0     ?              0          0      1 0     ? 
  15420.000  +0                           1 0 1 0     ?              1          0      1 0     ? 
  15440.000  +0                           0 0 1 0     ?              0          0      1 0     ? 
  15460.000  +0                           1 0 1 0     ?              1          0      1 0     ? 
  15480.000  +0                           0 0 1 0     ?              0          0      1 0     ? 
  15500.000  +0                           1 0 1 0     ?              1          0      1 0     ? 
  15520.000  +0                           0 0 1 0     ?              0          0      1 0     ? 
  15540.000  +0                           1 0 1 0     ?              1          0      1 0     ? 
  15560.000  +0                           0 0 1 0     ?              0          0      1 0     ? 
  15580.000  +0                           1 0 1 0     ?              1          0      1 0     ? 
  15600.000  +0                           0 0 0 0     ?              0          0      0 0     ? 
  15620.000  +0                           1 0 0 0     ?              1          0      0 0     ? 
  15640.000  +0                           0 0 0 0     ?              0          0      0 0     ? 
  15655.000  +0                           0 0 0 1     ?              0          0      0 1     ? 
  15660.000  +0                           1 0 0 1     ?              1          0      0 1     ? 
  15680.000  +0                           0 0 0 1     ?              0          0      0 1     ? 
  15700.000  +0                           1 0 0 1     ?              1          0      0 1     ? 
  15720.000  +0                           0 0 0 1     ?              0          0      0 1     ? 
  15740.000  +0                           1 0 0 1     ?              1          0      0 1     ? 
  15760.000  +0                           0 0 0 1     ?              0          0      0 1     ? 
  15780.000  +0                           1 0 0 1     ?              1          0      0 1     ? 
  15800.000  +0                           0 0 0 1     ?              0          0      0 1     ? 
  15820.000  +0                           1 0 0 1     ?              1          0      0 1     ? 
  15840.000  +0                           0 0 0 1     ?              0          0      0 1     ? 
  15860.000  +0                           1 0 0 1     ?              1          0      0 1     ? 
  15880.000  +0                           0 0 0 1     ?              0          0      0 1     ? 
  15900.000  +0                           1 0 0 1     ?              1          0      0 1     ? 
  15920.000  +0                           0 0 0 1     ?              0          0      0 1     ? 
  15940.000  +0                           1 0 0 1     ?              1          0      0 1     ? 
  15960.000  +0                           0 0 0 1     ?              0          0      0 1     ? 
  15980.000  +0                           1 0 0 1     ?              1          0      0 1     ? 
  16000.000  +0                           0 0 0 1     ?              0          0      0 1     ? 
  16020.000  +0                           1 0 0 1     ?              1          0      0 1     ? 
  16040.000  +0                           0 0 0 1     ?              0          0      0 1     ? 
  16060.000  +0                           1 0 0 1     ?              1          0      0 1     ? 
  16080.000  +0                           0 0 0 1     ?              0          0      0 1     ? 
  16100.000  +0                           1 0 0 1     ?              1          0      0 1     ? 
  16120.000  +0                           0 0 0 1     ?              0          0      0 1     ? 
  16140.000  +0                           1 0 0 1     ?              1          0      0 1     ? 
  16160.000  +0                           0 0 0 0     ?              0          0      0 0     ? 
  16180.000  +0                           1 0 0 0     ?              1          0      0 0     ? 
  16200.000  +0                           0 0 0 0     ?              0          0      0 0     ? 
  16220.000  +0                           1 0 0 0     ?              1          0      0 0     ? 
  16240.000  +0                           0 0 0 0     ?              0          0      0 0     ? 
  16260.000  +0                           1 0 0 0     ?              1          0      0 0     ? 
  16280.000  +0                           0 0 0 0     ?              0          0      0 0     ? 
  16300.000  +0                           1 0 0 0     ?              1          0      0 0     ? 
  16320.000  +0                           0 0 0 0     ?              0          0      0 0     ? 
  16340.000  +0                           1 0 0 0     ?              1          0      0 0     ? 
  16360.000  +0                           0 0 0 0     ?              0          0      0 0     ? 
  16380.000  +0                           1 0 0 0     ?              1          0      0 0     ? 
  16400.000  +0                           0 0 0 0     ?              0          0      0 0     ? 
  16420.000  +0                           1 0 0 0     ?              1          0      0 0     ? 
  16440.000  +0                           0 0 0 0     ?              0          0      0 0     ? 
  16460.000  +0                           1 0 0 0     ?              1          0      0 0     ? 
  16480.000  +0                           0 0 0 0     ?              0          0      0 0     ? 
  16500.000  +0                           1 0 0 0     ?              1          0      0 0     ? 
  16520.000  +0                           0 0 0 0     ?              0          0      0 0     ? 
  16540.000  +0                           1 0 0 0     ?              1          0      0 0     ? 
  16560.000  +0                           0 0 0 0     ?              0          0      0 0     ? 
  16580.000  +0                           1 0 0 0     ?              1          0      0 0     ? 
  16600.000  +0                           0 0 0 0     ?              0          0      0 0     ? 
  16620.000  +0                           1 0 0 0     ?              1          0      0 0     ? 
  16640.000  +0                           0 0 0 0     ?              0          0      0 0     ? 
  16660.000  +0                           1 0 0 0     ?              1          0      0 0     ? 
  16665.000  +0                           1 0 0 1     ?              1          0      0 1     ? 
  16680.000  +0                           0 0 0 1     ?              0          0      0 1     ? 
  16700.000  +0                           1 0 0 1     ?              1          0      0 1     ? 
  16720.000  +0                           0 0 0 1     ?              0          0      0 1     ? 
  16740.000  +0                           1 0 0 1     ?              1          0      0 1     ? 
  16760.000  +0                           0 0 0 1     ?              0          0      0 1     ? 
  16780.000  +0                           1 0 0 1     ?              1          0      0 1     ? 
  16800.000  +0                           0 0 0 1     ?              0          0      0 1     ? 
  16820.000  +0                           1 0 0 1     ?              1          0      0 1     ? 
  16840.000  +0                           0 0 0 1     ?              0          0      0 1     ? 
  16860.000  +0                           1 0 0 1     ?              1          0      0 1     ? 
  16880.000  +0                           0 0 0 1     ?              0          0      0 1     ? 
  16900.000  +0                           1 0 0 1     ?              1          0      0 1     ? 
  16920.000  +0                           0 0 0 1     ?              0          0      0 1     ? 
  16940.000  +0                           1 0 0 1     ?              1          0      0 1     ? 
  16960.000  +0                           0 0 0 1     ?              0          0      0 1     ? 
  16980.000  +0                           1 0 0 1     ?              1          0      0 1     ? 
  17000.000  +0                           0 0 0 1     ?              0          0      0 1     ? 
  17020.000  +0                           1 0 0 1     ?              1          0      0 1     ? 
  17040.000  +0                           0 0 0 1     ?              0          0      0 1     ? 
  17060.000  +0                           1 0 0 1     ?              1          0      0 1     ? 
  17080.000  +0                           0 0 0 1     ?              0          0      0 1     ? 
  17100.000  +0                           1 0 0 1     ?              1          0      0 1     ? 
  17120.000  +0                           0 0 0 1     ?              0          0      0 1     ? 
  17140.000  +0                           1 0 0 1     ?              1          0      0 1     ? 
  17160.000  +0                           0 0 0 1     ?              0          0      0 1     ? 
  17170.000  +0                           0 0 0 0     ?              0          0      0 0     ? 
  17180.000  +0                           1 0 0 0     ?              1          0      0 0     ? 
  17200.000  +0                           0 0 0 0     ?              0          0      0 0     ? 
  17220.000  +0                           1 0 0 0     ?              1          0      0 0     ? 
  17240.000  +0                           0 0 0 0     ?              0          0      0 0     ? 
  17260.000  +0                           1 0 0 0     ?              1          0      0 0     ? 
  17280.000  +0                           0 0 0 0     ?              0          0      0 0     ? 
  17300.000  +0                           1 0 0 0     ?              1          0      0 0     ? 
  17320.000  +0                           0 0 0 0     ?              0          0      0 0     ? 
  17340.000  +0                           1 0 0 0     ?              1          0      0 0     ? 
  17360.000  +0                           0 0 0 0     ?              0          0      0 0     ? 
  17380.000  +0                           1 0 0 0     ?              1          0      0 0     ? 
  17400.000  +0                           0 0 0 0     ?              0          0      0 0     ? 
  17420.000  +0                           1 0 0 0     ?              1          0      0 0     ? 
  17440.000  +0                           0 0 0 0     ?              0          0      0 0     ? 
  17460.000  +0                           1 0 0 0     ?              1          0      0 0     ? 
  17480.000  +0                           0 0 0 0     ?              0          0      0 0     ? 
  17500.000  +0                           1 0 0 0     ?              1          0      0 0     ? 
  17520.000  +0                           0 0 0 0     ?              0          0      0 0     ? 
  17540.000  +0                           1 0 0 0     ?              1          0      0 0     ? 
  17560.000  +0                           0 0 0 0     ?              0          0      0 0     ? 
  17580.000  +0                           1 0 0 0     ?              1          0      0 0     ? 
  17600.000  +0                           0 0 0 0     ?              0          0      0 0     ? 
  17620.000  +0                           1 0 0 0     ?              1          0      0 0     ? 
  17640.000  +0                           0 0 0 0     ?              0          0      0 0     ? 
  17660.000  +0                           1 0 0 0     ?              1          0      0 0     ? 
  17675.000  +0                           1 0 0 1     ?              1          0      0 1     ? 
  17680.000  +0                           0 0 0 1     ?              0          0      0 1     ? 
  17700.000  +0                           1 0 0 1     ?              1          0      0 1     ? 
  17720.000  +0                           0 0 0 1     ?              0          0      0 1     ? 
  17740.000  +0                           1 0 0 1     ?              1          0      0 1     ? 
  17760.000  +0                           0 0 0 1     ?              0          0      0 1     ? 
  17780.000  +0                           1 0 0 1     ?              1          0      0 1     ? 
  17800.000  +0                           0 0 0 1     ?              0          0      0 1     ? 
  17820.000  +0                           1 0 0 1     ?              1          0      0 1     ? 
  17840.000  +0                           0 0 0 1     ?              0          0      0 1     ? 
  17860.000  +0                           1 0 0 1     ?              1          0      0 1     ? 
  17880.000  +0                           0 0 0 1     ?              0          0      0 1     ? 
  17900.000  +0                           1 0 0 1     ?              1          0      0 1     ? 
  17920.000  +0                           0 0 0 1     ?              0          0      0 1     ? 
  17940.000  +0                           1 0 0 1     ?              1          0      0 1     ? 
  17960.000  +0                           0 0 0 1     ?              0          0      0 1     ? 
  17980.000  +0                           1 0 0 1     ?              1          0      0 1     ? 
  18000.000  +0                           0 0 0 1     ?              0          0      0 1     ? 
  18000.000  +1                           0 0 0 1 5'h02              0          0      0 1 5'h02 
